Archive member included to satisfy reference by file (symbol)

/Users/joycelee/gcc-arm-none-eabi-8-2018-q4-major/bin/../lib/gcc/arm-none-eabi/8.2.1/../../../../arm-none-eabi/lib/thumb/v7e-m/nofp/libg_nano.a(lib_a-errno.o)
                              ./system/src/newlib/_sbrk.o (__errno)
/Users/joycelee/gcc-arm-none-eabi-8-2018-q4-major/bin/../lib/gcc/arm-none-eabi/8.2.1/../../../../arm-none-eabi/lib/thumb/v7e-m/nofp/libg_nano.a(lib_a-impure.o)
                              /Users/joycelee/gcc-arm-none-eabi-8-2018-q4-major/bin/../lib/gcc/arm-none-eabi/8.2.1/../../../../arm-none-eabi/lib/thumb/v7e-m/nofp/libg_nano.a(lib_a-errno.o) (_impure_ptr)
/Users/joycelee/gcc-arm-none-eabi-8-2018-q4-major/bin/../lib/gcc/arm-none-eabi/8.2.1/../../../../arm-none-eabi/lib/thumb/v7e-m/nofp/libg_nano.a(lib_a-strlen.o)
                              ./system/src/diag/Trace.o (strlen)
/Users/joycelee/gcc-arm-none-eabi-8-2018-q4-major/bin/../lib/gcc/arm-none-eabi/8.2.1/../../../../arm-none-eabi/lib/thumb/v7e-m/nofp/libg_nano.a(lib_a-vsnprintf.o)
                              ./system/src/diag/Trace.o (vsnprintf)
/Users/joycelee/gcc-arm-none-eabi-8-2018-q4-major/bin/../lib/gcc/arm-none-eabi/8.2.1/../../../../arm-none-eabi/lib/thumb/v7e-m/nofp/libg_nano.a(lib_a-nano-svfprintf.o)
                              /Users/joycelee/gcc-arm-none-eabi-8-2018-q4-major/bin/../lib/gcc/arm-none-eabi/8.2.1/../../../../arm-none-eabi/lib/thumb/v7e-m/nofp/libg_nano.a(lib_a-vsnprintf.o) (_svfprintf_r)
/Users/joycelee/gcc-arm-none-eabi-8-2018-q4-major/bin/../lib/gcc/arm-none-eabi/8.2.1/../../../../arm-none-eabi/lib/thumb/v7e-m/nofp/libg_nano.a(lib_a-nano-vfprintf_i.o)
                              /Users/joycelee/gcc-arm-none-eabi-8-2018-q4-major/bin/../lib/gcc/arm-none-eabi/8.2.1/../../../../arm-none-eabi/lib/thumb/v7e-m/nofp/libg_nano.a(lib_a-nano-svfprintf.o) (_printf_i)
/Users/joycelee/gcc-arm-none-eabi-8-2018-q4-major/bin/../lib/gcc/arm-none-eabi/8.2.1/../../../../arm-none-eabi/lib/thumb/v7e-m/nofp/libg_nano.a(lib_a-memchr.o)
                              /Users/joycelee/gcc-arm-none-eabi-8-2018-q4-major/bin/../lib/gcc/arm-none-eabi/8.2.1/../../../../arm-none-eabi/lib/thumb/v7e-m/nofp/libg_nano.a(lib_a-nano-svfprintf.o) (memchr)
/Users/joycelee/gcc-arm-none-eabi-8-2018-q4-major/bin/../lib/gcc/arm-none-eabi/8.2.1/../../../../arm-none-eabi/lib/thumb/v7e-m/nofp/libg_nano.a(lib_a-memcpy-stub.o)
                              /Users/joycelee/gcc-arm-none-eabi-8-2018-q4-major/bin/../lib/gcc/arm-none-eabi/8.2.1/../../../../arm-none-eabi/lib/thumb/v7e-m/nofp/libg_nano.a(lib_a-nano-svfprintf.o) (memcpy)
/Users/joycelee/gcc-arm-none-eabi-8-2018-q4-major/bin/../lib/gcc/arm-none-eabi/8.2.1/../../../../arm-none-eabi/lib/thumb/v7e-m/nofp/libg_nano.a(lib_a-memmove.o)
                              /Users/joycelee/gcc-arm-none-eabi-8-2018-q4-major/bin/../lib/gcc/arm-none-eabi/8.2.1/../../../../arm-none-eabi/lib/thumb/v7e-m/nofp/libg_nano.a(lib_a-nano-svfprintf.o) (memmove)
/Users/joycelee/gcc-arm-none-eabi-8-2018-q4-major/bin/../lib/gcc/arm-none-eabi/8.2.1/../../../../arm-none-eabi/lib/thumb/v7e-m/nofp/libg_nano.a(lib_a-nano-freer.o)
                              /Users/joycelee/gcc-arm-none-eabi-8-2018-q4-major/bin/../lib/gcc/arm-none-eabi/8.2.1/../../../../arm-none-eabi/lib/thumb/v7e-m/nofp/libg_nano.a(lib_a-nano-svfprintf.o) (_free_r)
/Users/joycelee/gcc-arm-none-eabi-8-2018-q4-major/bin/../lib/gcc/arm-none-eabi/8.2.1/../../../../arm-none-eabi/lib/thumb/v7e-m/nofp/libg_nano.a(lib_a-nano-mallocr.o)
                              /Users/joycelee/gcc-arm-none-eabi-8-2018-q4-major/bin/../lib/gcc/arm-none-eabi/8.2.1/../../../../arm-none-eabi/lib/thumb/v7e-m/nofp/libg_nano.a(lib_a-nano-svfprintf.o) (_malloc_r)
/Users/joycelee/gcc-arm-none-eabi-8-2018-q4-major/bin/../lib/gcc/arm-none-eabi/8.2.1/../../../../arm-none-eabi/lib/thumb/v7e-m/nofp/libg_nano.a(lib_a-nano-reallocr.o)
                              /Users/joycelee/gcc-arm-none-eabi-8-2018-q4-major/bin/../lib/gcc/arm-none-eabi/8.2.1/../../../../arm-none-eabi/lib/thumb/v7e-m/nofp/libg_nano.a(lib_a-nano-svfprintf.o) (_realloc_r)
/Users/joycelee/gcc-arm-none-eabi-8-2018-q4-major/bin/../lib/gcc/arm-none-eabi/8.2.1/../../../../arm-none-eabi/lib/thumb/v7e-m/nofp/libg_nano.a(lib_a-sbrkr.o)
                              /Users/joycelee/gcc-arm-none-eabi-8-2018-q4-major/bin/../lib/gcc/arm-none-eabi/8.2.1/../../../../arm-none-eabi/lib/thumb/v7e-m/nofp/libg_nano.a(lib_a-nano-mallocr.o) (_sbrk_r)
/Users/joycelee/gcc-arm-none-eabi-8-2018-q4-major/bin/../lib/gcc/arm-none-eabi/8.2.1/../../../../arm-none-eabi/lib/thumb/v7e-m/nofp/libg_nano.a(lib_a-mlock.o)
                              /Users/joycelee/gcc-arm-none-eabi-8-2018-q4-major/bin/../lib/gcc/arm-none-eabi/8.2.1/../../../../arm-none-eabi/lib/thumb/v7e-m/nofp/libg_nano.a(lib_a-nano-freer.o) (__malloc_lock)
/Users/joycelee/gcc-arm-none-eabi-8-2018-q4-major/bin/../lib/gcc/arm-none-eabi/8.2.1/../../../../arm-none-eabi/lib/thumb/v7e-m/nofp/libg_nano.a(lib_a-nano-msizer.o)
[...]
Memory Configuration

Name             Origin             Length             Attributes
RAM              0x0000000020000000 0x0000000000030000 xrw
CCMRAM           0x0000000010000000 0x0000000000010000 xrw
FLASH            0x0000000008000000 0x0000000000200000 xr
FLASHB1          0x0000000000000000 0x0000000000000000 xr
EXTMEMB0         0x0000000000000000 0x0000000000000000 xr
EXTMEMB1         0x0000000000000000 0x0000000000000000 xr
EXTMEMB2         0x0000000000000000 0x0000000000000000 xr
EXTMEMB3         0x0000000000000000 0x0000000000000000 xr
MEMORY_ARRAY     0x0000000020002000 0x0000000000000020 xrw
*default*        0x0000000000000000 0xffffffffffffffff

Linker script and memory map

LOAD ./system/src/stm32f4-hal/stm32f4xx_hal.o
LOAD ./system/src/stm32f4-hal/stm32f4xx_hal_cortex.o
LOAD ./system/src/stm32f4-hal/stm32f4xx_hal_dfsdm.o
LOAD ./system/src/stm32f4-hal/stm32f4xx_hal_flash.o
LOAD ./system/src/stm32f4-hal/stm32f4xx_hal_gpio.o
LOAD ./system/src/stm32f4-hal/stm32f4xx_hal_iwdg.o
LOAD ./system/src/stm32f4-hal/stm32f4xx_hal_pwr.o
LOAD ./system/src/stm32f4-hal/stm32f4xx_hal_rcc.o
LOAD ./system/src/stm32f4-hal/stm32f4xx_hal_uart.o
LOAD ./system/src/newlib/_cxx.o
LOAD ./system/src/newlib/_exit.o
LOAD ./system/src/newlib/_sbrk.o
LOAD ./system/src/newlib/_startup.o
LOAD ./system/src/newlib/_syscalls.o
LOAD ./system/src/newlib/assert.o
LOAD ./system/src/diag/Trace.o
LOAD ./system/src/diag/trace_impl.o
LOAD ./system/src/cortexm/_initialize_hardware.o
LOAD ./system/src/cortexm/_reset_hardware.o
LOAD ./system/src/cortexm/exception_handlers.o
LOAD ./system/src/cmsis/system_stm32f4xx.o
LOAD ./system/src/cmsis/vectors_stm32f429xx.o
LOAD ./src/BlinkLed.o
LOAD ./src/Camera.o
LOAD ./src/Timer.o
LOAD ./src/_initialize_hardware.o
LOAD ./src/_write.o
LOAD ./src/main.o
LOAD ./src/stm32f4xx_hal_msp.o
LOAD /Users/joycelee/gcc-arm-none-eabi-8-2018-q4-major/bin/../lib/gcc/arm-none-eabi/8.2.1/../../../../arm-none-eabi/lib/thumb/v7e-m/nofp/libstdc++_nano.a
LOAD /Users/joycelee/gcc-arm-none-eabi-8-2018-q4-major/bin/../lib/gcc/arm-none-eabi/8.2.1/../../../../arm-none-eabi/lib/thumb/v7e-m/nofp/libm.a
START GROUP
LOAD /Users/joycelee/gcc-arm-none-eabi-8-2018-q4-major/bin/../lib/gcc/arm-none-eabi/8.2.1/thumb/v7e-m/nofp/libgcc.a
LOAD /Users/joycelee/gcc-arm-none-eabi-8-2018-q4-major/bin/../lib/gcc/arm-none-eabi/8.2.1/../../../../arm-none-eabi/lib/thumb/v7e-m/nofp/libg_nano.a
LOAD /Users/joycelee/gcc-arm-none-eabi-8-2018-q4-major/bin/../lib/gcc/arm-none-eabi/8.2.1/../../../../arm-none-eabi/lib/thumb/v7e-m/nofp/libc_nano.a
END GROUP
START GROUP
LOAD /Users/joycelee/gcc-arm-none-eabi-8-2018-q4-major/bin/../lib/gcc/arm-none-eabi/8.2.1/thumb/v7e-m/nofp/libgcc.a
LOAD /Users/joycelee/gcc-arm-none-eabi-8-2018-q4-major/bin/../lib/gcc/arm-none-eabi/8.2.1/../../../../arm-none-eabi/lib/thumb/v7e-m/nofp/libc_nano.a
END GROUP
                0x0000000020030000                __stack = (ORIGIN (RAM) + LENGTH (RAM))
                0x0000000020030000                _estack = __stack
                0x0000000000000400                __Main_Stack_Size = 0x400
                [!provide]                        PROVIDE (_Main_Stack_Size = __Main_Stack_Size)
                0x000000002002fc00                __Main_Stack_Limit = (__stack - __Main_Stack_Size)
                [!provide]                        PROVIDE (_Main_Stack_Limit = __Main_Stack_Limit)
                0x0000000000000100                _Minimum_Stack_Size = 0x100
                0x000000002000017c                PROVIDE (_Heap_Begin = _end_noinit)
                0x000000002002fc00                PROVIDE (_Heap_Limit = (__stack - __Main_Stack_Size))

.isr_vector     0x0000000008000000      0x40c
 FILL mask 0xff
                0x0000000008000000                __vectors_start = ABSOLUTE (.)
                0x0000000008000000                __vectors_start__ = ABSOLUTE (.)
 *(.isr_vector)
 .isr_vector    0x0000000008000000      0x1ac ./system/src/cmsis/vectors_stm32f429xx.o
                0x0000000008000000                __isr_vectors
 *(.cfmconfig)
 *(.after_vectors .after_vectors.*)
 .after_vectors
                0x00000000080001ac      0x130 ./system/src/newlib/_startup.o
                0x00000000080001ac                _start
 .after_vectors
                0x00000000080002dc      0x12c ./system/src/cortexm/exception_handlers.o
                0x00000000080002dc                Reset_Handler
                0x00000000080002e2                NMI_Handler
                0x00000000080002e6                HardFault_Handler
                0x00000000080002fa                HardFault_Handler_C
                0x0000000008000358                MemManage_Handler
                0x000000000800035c                BusFault_Handler
                0x0000000008000370                BusFault_Handler_C
                0x00000000080003a4                UsageFault_Handler
                0x00000000080003b8                UsageFault_Handler_C
                0x00000000080003ec                SVC_Handler
                0x00000000080003f0                DebugMon_Handler
                0x00000000080003f4                PendSV_Handler
 .after_vectors
                0x0000000008000408        0x4 ./system/src/cmsis/vectors_stm32f429xx.o
                0x0000000008000408                DMA1_Stream3_IRQHandler
                0x0000000008000408                HASH_RNG_IRQHandler
                0x0000000008000408                EXTI2_IRQHandler
                0x0000000008000408                TIM8_CC_IRQHandler
                0x0000000008000408                UART8_IRQHandler
                0x0000000008000408                SPI4_IRQHandler
                0x0000000008000408                TIM1_CC_IRQHandler
                0x0000000008000408                DMA2_Stream5_IRQHandler
                0x0000000008000408                DMA1_Stream5_IRQHandler
                0x0000000008000408                PVD_IRQHandler
                0x0000000008000408                SDIO_IRQHandler
                0x0000000008000408                TAMP_STAMP_IRQHandler
                0x0000000008000408                CAN2_RX1_IRQHandler
                0x0000000008000408                EXTI3_IRQHandler
                0x0000000008000408                TIM8_TRG_COM_TIM14_IRQHandler
                0x0000000008000408                TIM1_UP_TIM10_IRQHandler
                0x0000000008000408                TIM8_UP_TIM13_IRQHandler
                0x0000000008000408                I2C3_ER_IRQHandler
                0x0000000008000408                EXTI0_IRQHandler
                0x0000000008000408                I2C2_EV_IRQHandler
                0x0000000008000408                DMA1_Stream2_IRQHandler
                0x0000000008000408                CAN1_RX0_IRQHandler
                0x0000000008000408                FPU_IRQHandler
                0x0000000008000408                OTG_HS_WKUP_IRQHandler
                0x0000000008000408                LTDC_ER_IRQHandler
                0x0000000008000408                CAN2_SCE_IRQHandler
                0x0000000008000408                DMA2_Stream2_IRQHandler
                0x0000000008000408                SPI1_IRQHandler
                0x0000000008000408                TIM6_DAC_IRQHandler
                0x0000000008000408                TIM1_BRK_TIM9_IRQHandler
                0x0000000008000408                DCMI_IRQHandler
                0x0000000008000408                CAN2_RX0_IRQHandler
                0x0000000008000408                DMA2_Stream3_IRQHandler
                0x0000000008000408                USART6_IRQHandler
                0x0000000008000408                USART3_IRQHandler
                0x0000000008000408                CAN1_RX1_IRQHandler
                0x0000000008000408                UART5_IRQHandler
                0x0000000008000408                DMA2_Stream0_IRQHandler
                0x0000000008000408                TIM4_IRQHandler
                0x0000000008000408                I2C1_EV_IRQHandler
                0x0000000008000408                DMA1_Stream6_IRQHandler
                0x0000000008000408                DMA1_Stream1_IRQHandler
                0x0000000008000408                UART4_IRQHandler
                0x0000000008000408                TIM3_IRQHandler
                0x0000000008000408                RCC_IRQHandler
                0x0000000008000408                TIM8_BRK_TIM12_IRQHandler
                0x0000000008000408                Default_Handler
                0x0000000008000408                EXTI15_10_IRQHandler
                0x0000000008000408                ADC_IRQHandler
                0x0000000008000408                DMA1_Stream7_IRQHandler
                0x0000000008000408                SPI5_IRQHandler
                0x0000000008000408                TIM7_IRQHandler
                0x0000000008000408                CAN2_TX_IRQHandler
                0x0000000008000408                TIM5_IRQHandler
                0x0000000008000408                DMA2_Stream7_IRQHandler
                0x0000000008000408                I2C3_EV_IRQHandler
                0x0000000008000408                EXTI9_5_IRQHandler
                0x0000000008000408                RTC_WKUP_IRQHandler
                0x0000000008000408                LTDC_IRQHandler
                0x0000000008000408                ETH_WKUP_IRQHandler
                0x0000000008000408                SPI2_IRQHandler
                0x0000000008000408                OTG_HS_EP1_IN_IRQHandler
                0x0000000008000408                DMA1_Stream0_IRQHandler
                0x0000000008000408                CAN1_TX_IRQHandler
                0x0000000008000408                EXTI4_IRQHandler
                0x0000000008000408                ETH_IRQHandler
                0x0000000008000408                OTG_HS_EP1_OUT_IRQHandler
                0x0000000008000408                WWDG_IRQHandler
                0x0000000008000408                SPI6_IRQHandler
                0x0000000008000408                TIM2_IRQHandler
                0x0000000008000408                OTG_FS_WKUP_IRQHandler
                0x0000000008000408                TIM1_TRG_COM_TIM11_IRQHandler
                0x0000000008000408                OTG_HS_IRQHandler
                0x0000000008000408                DMA2D_IRQHandler
                0x0000000008000408                EXTI1_IRQHandler
                0x0000000008000408                UART7_IRQHandler
                0x0000000008000408                USART2_IRQHandler
                0x0000000008000408                I2C2_ER_IRQHandler
                0x0000000008000408                DMA2_Stream1_IRQHandler
                0x0000000008000408                CAN1_SCE_IRQHandler
                0x0000000008000408                FLASH_IRQHandler
                0x0000000008000408                DMA2_Stream4_IRQHandler
                0x0000000008000408                USART1_IRQHandler
                0x0000000008000408                OTG_FS_IRQHandler
                0x0000000008000408                SPI3_IRQHandler
                0x0000000008000408                DMA1_Stream4_IRQHandler
                0x0000000008000408                I2C1_ER_IRQHandler
                0x0000000008000408                FMC_IRQHandler
                0x0000000008000408                DMA2_Stream6_IRQHandler
                0x0000000008000408                SAI1_IRQHandler
                0x0000000008000408                RTC_Alarm_IRQHandler

.inits          0x000000000800040c       0x28
                0x000000000800040c                __data_regions_array_start = .
                0x000000000800040c        0x4 LONG 0x80022d0 LOADADDR (.data)
                0x0000000008000410        0x4 LONG 0x20000000 ADDR (.data)
                0x0000000008000414        0x4 LONG 0x2000008c (ADDR (.data) + SIZEOF (.data))
                0x0000000008000418        0x4 LONG 0x80022d0 LOADADDR (.data_CCMRAM)
                0x000000000800041c        0x4 LONG 0x10000000 ADDR (.data_CCMRAM)
                0x0000000008000420        0x4 LONG 0x10000000 (ADDR (.data_CCMRAM) + SIZEOF (.data_CCMRAM))
                0x0000000008000424                __data_regions_array_end = .
                0x0000000008000424                __bss_regions_array_start = .
                0x0000000008000424        0x4 LONG 0x2000008c ADDR (.bss)
                0x0000000008000428        0x4 LONG 0x2000017c (ADDR (.bss) + SIZEOF (.bss))
                0x000000000800042c        0x4 LONG 0x10000000 ADDR (.bss_CCMRAM)
                0x0000000008000430        0x4 LONG 0x10000000 (ADDR (.bss_CCMRAM) + SIZEOF (.bss_CCMRAM))
                0x0000000008000434                __bss_regions_array_end = .
 *(.init)
 *(.fini)
                0x0000000008000434                . = ALIGN (0x4)
                0x0000000008000434                PROVIDE (__preinit_array_start = .)
 *(.preinit_array_sysinit .preinit_array_sysinit.*)
 *(.preinit_array_platform .preinit_array_platform.*)
 *(.preinit_array .preinit_array.*)
                0x0000000008000434                PROVIDE (__preinit_array_end = .)
                0x0000000008000434                . = ALIGN (0x4)
                0x0000000008000434                PROVIDE (__init_array_start = .)
 *(SORT_BY_NAME(.init_array.*))
 *(.init_array)
                0x0000000008000434                PROVIDE (__init_array_end = .)
                0x0000000008000434                . = ALIGN (0x4)
                0x0000000008000434                PROVIDE (__fini_array_start = .)
 *(SORT_BY_NAME(.fini_array.*))
 *(.fini_array)
                0x0000000008000434                PROVIDE (__fini_array_end = .)

.flashtext
 *(.flashtext .flashtext.*)

.text           0x0000000008000440     0x1e8f
 *(.text .text.*)
 .text.HAL_InitTick
                0x0000000008000440       0x2c ./system/src/stm32f4-hal/stm32f4xx_hal.o
                0x0000000008000440                HAL_InitTick
 .text.HAL_Init
                0x000000000800046c       0x34 ./system/src/stm32f4-hal/stm32f4xx_hal.o
                0x000000000800046c                HAL_Init
 .text.HAL_IncTick
                0x00000000080004a0       0x10 ./system/src/stm32f4-hal/stm32f4xx_hal.o
                0x00000000080004a0                HAL_IncTick
 .text.HAL_GetTick
                0x00000000080004b0        0xc ./system/src/stm32f4-hal/stm32f4xx_hal.o
                0x00000000080004b0                HAL_GetTick
 .text.HAL_NVIC_SetPriorityGrouping
                0x00000000080004bc       0x3c ./system/src/stm32f4-hal/stm32f4xx_hal_cortex.o
                0x00000000080004bc                HAL_NVIC_SetPriorityGrouping
 .text.HAL_NVIC_SetPriority
                0x00000000080004f8       0x8c ./system/src/stm32f4-hal/stm32f4xx_hal_cortex.o
                0x00000000080004f8                HAL_NVIC_SetPriority
 .text.HAL_SYSTICK_Config
                0x0000000008000584       0x2c ./system/src/stm32f4-hal/stm32f4xx_hal_cortex.o
                0x0000000008000584                HAL_SYSTICK_Config
 .text.HAL_SYSTICK_CLKSourceConfig
                0x00000000080005b0       0x3c ./system/src/stm32f4-hal/stm32f4xx_hal_cortex.o
                0x00000000080005b0                HAL_SYSTICK_CLKSourceConfig
 .text.HAL_GPIO_Init
                0x00000000080005ec      0x328 ./system/src/stm32f4-hal/stm32f4xx_hal_gpio.o
                0x00000000080005ec                HAL_GPIO_Init
 .text.HAL_GPIO_WritePin
                0x0000000008000914       0x38 ./system/src/stm32f4-hal/stm32f4xx_hal_gpio.o
                0x0000000008000914                HAL_GPIO_WritePin
 .text.HAL_RCC_OscConfig
                0x000000000800094c      0x43c ./system/src/stm32f4-hal/stm32f4xx_hal_rcc.o
                0x000000000800094c                HAL_RCC_OscConfig
 .text.HAL_RCC_GetSysClockFreq
                0x0000000008000d88       0x94 ./system/src/stm32f4-hal/stm32f4xx_hal_rcc.o
                0x0000000008000d88                HAL_RCC_GetSysClockFreq
 .text.HAL_RCC_ClockConfig
                0x0000000008000e1c      0x258 ./system/src/stm32f4-hal/stm32f4xx_hal_rcc.o
                0x0000000008000e1c                HAL_RCC_ClockConfig
 .text.HAL_RCC_GetHCLKFreq
                0x0000000008001074        0xc ./system/src/stm32f4-hal/stm32f4xx_hal_rcc.o
                0x0000000008001074                HAL_RCC_GetHCLKFreq
 .text.UART_WaitOnFlagUntilTimeout
                0x0000000008001080       0x62 ./system/src/stm32f4-hal/stm32f4xx_hal_uart.o
 .text.HAL_UART_Transmit
                0x00000000080010e2       0xda ./system/src/stm32f4-hal/stm32f4xx_hal_uart.o
                0x00000000080010e2                HAL_UART_Transmit
 .text._exit    0x00000000080011bc        0x2 ./system/src/newlib/_exit.o
                0x00000000080011bc                _exit
 *fill*         0x00000000080011be        0x2 
 .text.abort    0x00000000080011c0       0x14 ./system/src/newlib/_exit.o
                0x00000000080011c0                abort
 .text._sbrk    0x00000000080011d4       0x44 ./system/src/newlib/_sbrk.o
                0x00000000080011d4                _sbrk
 .text.__initialize_args
                0x0000000008001218       0x10 ./system/src/newlib/_syscalls.o
                0x0000000008001218                __initialize_args
 .text.assert_failed
                0x0000000008001228       0x14 ./system/src/newlib/assert.o
                0x0000000008001228                assert_failed
 .text.trace_printf
                0x000000000800123c       0x34 ./system/src/diag/Trace.o
                0x000000000800123c                trace_printf
 .text.trace_puts
                0x0000000008001270       0x20 ./system/src/diag/Trace.o
                0x0000000008001270                trace_puts
 .text._trace_write_semihosting_debug
                0x0000000008001290       0x60 ./system/src/diag/trace_impl.o
 .text.trace_write
                0x00000000080012f0        0x8 ./system/src/diag/trace_impl.o
                0x00000000080012f0                trace_write
 .text.__initialize_hardware_early
                0x00000000080012f8       0x18 ./system/src/cortexm/_initialize_hardware.o
                0x00000000080012f8                __initialize_hardware_early
 .text.dumpExceptionStack
                0x0000000008001310       0xf4 ./system/src/cortexm/exception_handlers.o
                0x0000000008001310                dumpExceptionStack
 .text.isSemihosting
                0x0000000008001404       0x20 ./system/src/cortexm/exception_handlers.o
                0x0000000008001404                isSemihosting
 .text.SystemInit
                0x0000000008001424       0x40 ./system/src/cmsis/system_stm32f4xx.o
                0x0000000008001424                SystemInit
 .text.SystemCoreClockUpdate
                0x0000000008001464       0xa0 ./system/src/cmsis/system_stm32f4xx.o
                0x0000000008001464                SystemCoreClockUpdate
 .text.blink_led_init
                0x0000000008001504       0x40 ./src/BlinkLed.o
                0x0000000008001504                blink_led_init
 .text.transmitCameraData
                0x0000000008001544       0x24 ./src/Camera.o
                0x0000000008001544                transmitCameraData
 .text.timer_start
                0x0000000008001568       0x3c ./src/Timer.o
                0x0000000008001568                timer_start
 .text.timer_sleep
                0x00000000080015a4       0x14 ./src/Timer.o
                0x00000000080015a4                timer_sleep
 .text.timer_tick
                0x00000000080015b8       0x14 ./src/Timer.o
                0x00000000080015b8                timer_tick
 .text.SysTick_Handler
                0x00000000080015cc        0xc ./src/Timer.o
                0x00000000080015cc                SysTick_Handler
 .text.SystemClock_Config
                0x00000000080015d8       0x9c ./src/_initialize_hardware.o
                0x00000000080015d8                SystemClock_Config
 .text.__initialize_hardware
                0x0000000008001674       0x10 ./src/_initialize_hardware.o
                0x0000000008001674                __initialize_hardware
 .text.main     0x0000000008001684       0x70 ./src/main.o
                0x0000000008001684                main
 .text.HAL_MspInit
                0x00000000080016f4        0x2 ./src/stm32f4xx_hal_msp.o
                0x00000000080016f4                HAL_MspInit
 *fill*         0x00000000080016f6        0x2 
 .text.__errno  0x00000000080016f8        0xc /Users/joycelee/gcc-arm-none-eabi-8-2018-q4-major/bin/../lib/gcc/arm-none-eabi/8.2.1/../../../../arm-none-eabi/lib/thumb/v7e-m/nofp/libg_nano.a(lib_a-errno.o)
                0x00000000080016f8                __errno
 .text          0x0000000008001704       0x10 /Users/joycelee/gcc-arm-none-eabi-8-2018-q4-major/bin/../lib/gcc/arm-none-eabi/8.2.1/../../../../arm-none-eabi/lib/thumb/v7e-m/nofp/libg_nano.a(lib_a-strlen.o)
                0x0000000008001704                strlen
 .text._vsnprintf_r
                0x0000000008001714       0x58 /Users/joycelee/gcc-arm-none-eabi-8-2018-q4-major/bin/../lib/gcc/arm-none-eabi/8.2.1/../../../../arm-none-eabi/lib/thumb/v7e-m/nofp/libg_nano.a(lib_a-vsnprintf.o)
                0x0000000008001714                _vsnprintf_r
                0x0000000008001714                _vsniprintf_r
 .text.vsnprintf
                0x000000000800176c       0x1c /Users/joycelee/gcc-arm-none-eabi-8-2018-q4-major/bin/../lib/gcc/arm-none-eabi/8.2.1/../../../../arm-none-eabi/lib/thumb/v7e-m/nofp/libg_nano.a(lib_a-vsnprintf.o)
                0x000000000800176c                vsnprintf
                0x000000000800176c                vsniprintf
 .text.__ssputs_r
                0x0000000008001788       0xb6 /Users/joycelee/gcc-arm-none-eabi-8-2018-q4-major/bin/../lib/gcc/arm-none-eabi/8.2.1/../../../../arm-none-eabi/lib/thumb/v7e-m/nofp/libg_nano.a(lib_a-nano-svfprintf.o)
                0x0000000008001788                __ssputs_r
 *fill*         0x000000000800183e        0x2 
 .text._svfprintf_r
                0x0000000008001840      0x1f0 /Users/joycelee/gcc-arm-none-eabi-8-2018-q4-major/bin/../lib/gcc/arm-none-eabi/8.2.1/../../../../arm-none-eabi/lib/thumb/v7e-m/nofp/libg_nano.a(lib_a-nano-svfprintf.o)
                0x0000000008001840                _svfprintf_r
                0x0000000008001840                _svfiprintf_r
 .text._printf_common
                0x0000000008001a30       0xea /Users/joycelee/gcc-arm-none-eabi-8-2018-q4-major/bin/../lib/gcc/arm-none-eabi/8.2.1/../../../../arm-none-eabi/lib/thumb/v7e-m/nofp/libg_nano.a(lib_a-nano-vfprintf_i.o)
                0x0000000008001a30                _printf_common
 *fill*         0x0000000008001b1a        0x2 
 .text._printf_i
                0x0000000008001b1c      0x228 /Users/joycelee/gcc-arm-none-eabi-8-2018-q4-major/bin/../lib/gcc/arm-none-eabi/8.2.1/../../../../arm-none-eabi/lib/thumb/v7e-m/nofp/libg_nano.a(lib_a-nano-vfprintf_i.o)
                0x0000000008001b1c                _printf_i
 *fill*         0x0000000008001d44        0xc 
 .text          0x0000000008001d50       0xa0 /Users/joycelee/gcc-arm-none-eabi-8-2018-q4-major/bin/../lib/gcc/arm-none-eabi/8.2.1/../../../../arm-none-eabi/lib/thumb/v7e-m/nofp/libg_nano.a(lib_a-memchr.o)
                0x0000000008001d50                memchr
 .text.memcpy   0x0000000008001df0       0x1c /Users/joycelee/gcc-arm-none-eabi-8-2018-q4-major/bin/../lib/gcc/arm-none-eabi/8.2.1/../../../../arm-none-eabi/lib/thumb/v7e-m/nofp/libg_nano.a(lib_a-memcpy-stub.o)
                0x0000000008001df0                memcpy
 .text.memmove  0x0000000008001e0c       0x34 /Users/joycelee/gcc-arm-none-eabi-8-2018-q4-major/bin/../lib/gcc/arm-none-eabi/8.2.1/../../../../arm-none-eabi/lib/thumb/v7e-m/nofp/libg_nano.a(lib_a-memmove.o)
                0x0000000008001e0c                memmove
 .text._free_r  0x0000000008001e40       0x9c /Users/joycelee/gcc-arm-none-eabi-8-2018-q4-major/bin/../lib/gcc/arm-none-eabi/8.2.1/../../../../arm-none-eabi/lib/thumb/v7e-m/nofp/libg_nano.a(lib_a-nano-freer.o)
                0x0000000008001e40                _free_r
 .text._malloc_r
                0x0000000008001edc       0xb4 /Users/joycelee/gcc-arm-none-eabi-8-2018-q4-major/bin/../lib/gcc/arm-none-eabi/8.2.1/../../../../arm-none-eabi/lib/thumb/v7e-m/nofp/libg_nano.a(lib_a-nano-mallocr.o)
                0x0000000008001edc                _malloc_r
 .text._realloc_r
                0x0000000008001f90       0x4c /Users/joycelee/gcc-arm-none-eabi-8-2018-q4-major/bin/../lib/gcc/arm-none-eabi/8.2.1/../../../../arm-none-eabi/lib/thumb/v7e-m/nofp/libg_nano.a(lib_a-nano-reallocr.o)
                0x0000000008001f90                _realloc_r
 .text._sbrk_r  0x0000000008001fdc       0x20 /Users/joycelee/gcc-arm-none-eabi-8-2018-q4-major/bin/../lib/gcc/arm-none-eabi/8.2.1/../../../../arm-none-eabi/lib/thumb/v7e-m/nofp/libg_nano.a(lib_a-sbrkr.o)
                0x0000000008001fdc                _sbrk_r
 .text.__malloc_lock
                0x0000000008001ffc        0xc /Users/joycelee/gcc-arm-none-eabi-8-2018-q4-major/bin/../lib/gcc/arm-none-eabi/8.2.1/../../../../arm-none-eabi/lib/thumb/v7e-m/nofp/libg_nano.a(lib_a-mlock.o)
                0x0000000008001ffc                __malloc_lock
 .text.__malloc_unlock
                0x0000000008002008        0xc /Users/joycelee/gcc-arm-none-eabi-8-2018-q4-major/bin/../lib/gcc/arm-none-eabi/8.2.1/../../../../arm-none-eabi/lib/thumb/v7e-m/nofp/libg_nano.a(lib_a-mlock.o)
                0x0000000008002008                __malloc_unlock
 .text._malloc_usable_size_r
                0x0000000008002014       0x10 /Users/joycelee/gcc-arm-none-eabi-8-2018-q4-major/bin/../lib/gcc/arm-none-eabi/8.2.1/../../../../arm-none-eabi/lib/thumb/v7e-m/nofp/libg_nano.a(lib_a-nano-msizer.o)
                0x0000000008002014                _malloc_usable_size_r
 .text.__retarget_lock_acquire_recursive
                0x0000000008002024        0x2 /Users/joycelee/gcc-arm-none-eabi-8-2018-q4-major/bin/../lib/gcc/arm-none-eabi/8.2.1/../../../../arm-none-eabi/lib/thumb/v7e-m/nofp/libg_nano.a(lib_a-lock.o)
                0x0000000008002024                __retarget_lock_acquire_recursive
 .text.__retarget_lock_release_recursive
                0x0000000008002026        0x2 /Users/joycelee/gcc-arm-none-eabi-8-2018-q4-major/bin/../lib/gcc/arm-none-eabi/8.2.1/../../../../arm-none-eabi/lib/thumb/v7e-m/nofp/libg_nano.a(lib_a-lock.o)
                0x0000000008002026                __retarget_lock_release_recursive
 *(.rodata .rodata.* .constdata .constdata.*)
 .rodata.HAL_NVIC_SetPriorityGrouping.str1.4
                0x0000000008002028       0x31 ./system/src/stm32f4-hal/stm32f4xx_hal_cortex.o
 *fill*         0x0000000008002059        0x3 
 .rodata.HAL_GPIO_Init.str1.4
                0x000000000800205c       0x2f ./system/src/stm32f4-hal/stm32f4xx_hal_gpio.o
 *fill*         0x000000000800208b        0x1 
 .rodata.APBAHBPrescTable
                0x000000000800208c       0x10 ./system/src/stm32f4-hal/stm32f4xx_hal_rcc.o
                0x000000000800208c                APBAHBPrescTable
 .rodata.HAL_RCC_OscConfig.str1.4
                0x000000000800209c       0x2e ./system/src/stm32f4-hal/stm32f4xx_hal_rcc.o
 *fill*         0x00000000080020ca        0x2 
 .rodata.abort.str1.4
                0x00000000080020cc       0x14 ./system/src/newlib/_exit.o
 .rodata.assert_failed.str1.4
                0x00000000080020e0       0x2b ./system/src/newlib/assert.o
 .rodata.trace_puts.str1.4
                0x000000000800210b       0x2b ./system/src/diag/Trace.o
                                          0x2 (size before relaxing)
 *fill*         0x000000000800210b        0x1 
 .rodata.dumpExceptionStack.str1.4
                0x000000000800210c      0x11a ./system/src/cortexm/exception_handlers.o
 *fill*         0x0000000008002226        0x2 
 .rodata.str1.4
                0x0000000008002228       0x2a ./system/src/cortexm/exception_handlers.o
 *fill*         0x0000000008002252        0x2 
 .rodata.AHBPrescTable
                0x0000000008002254       0x10 ./system/src/cmsis/system_stm32f4xx.o
                0x0000000008002254                AHBPrescTable
 .rodata.main.str1.4
                0x0000000008002264       0x38 ./src/main.o
                                         0x37 (size before relaxing)
 .rodata._svfprintf_r.str1.1
                0x000000000800229c       0x11 /Users/joycelee/gcc-arm-none-eabi-8-2018-q4-major/bin/../lib/gcc/arm-none-eabi/8.2.1/../../../../arm-none-eabi/lib/thumb/v7e-m/nofp/libg_nano.a(lib_a-nano-svfprintf.o)
 .rodata._printf_i.str1.1
                0x00000000080022ad       0x22 /Users/joycelee/gcc-arm-none-eabi-8-2018-q4-major/bin/../lib/gcc/arm-none-eabi/8.2.1/../../../../arm-none-eabi/lib/thumb/v7e-m/nofp/libg_nano.a(lib_a-nano-vfprintf_i.o)
 *(vtable)
 *(.eh_frame*)
 *(.glue_7)
 .glue_7        0x00000000080022cf        0x0 linker stubs
 *(.glue_7t)
 .glue_7t       0x00000000080022cf        0x0 linker stubs

.vfp11_veneer   0x00000000080022d0        0x0
 .vfp11_veneer  0x00000000080022d0        0x0 linker stubs

.v4_bx          0x00000000080022d0        0x0
 .v4_bx         0x00000000080022d0        0x0 linker stubs

.iplt           0x00000000080022d0        0x0
 .iplt          0x00000000080022d0        0x0 ./system/src/stm32f4-hal/stm32f4xx_hal.o

.rel.dyn        0x00000000080022d0        0x0
 .rel.iplt      0x00000000080022d0        0x0 ./system/src/stm32f4-hal/stm32f4xx_hal.o

.ARM.extab
 *(.ARM.extab* .gnu.linkonce.armextab.*)
                0x00000000080022d0                . = ALIGN (0x4)
                0x00000000080022d0                __exidx_start = .

.ARM.exidx
 *(.ARM.exidx* .gnu.linkonce.armexidx.*)
                0x00000000080022d0                __exidx_end = .
                0x00000000080022d0                . = ALIGN (0x4)
                0x00000000080022d0                _etext = .
                0x00000000080022d0                __etext = .

.data_CCMRAM    0x0000000010000000        0x0 load address 0x00000000080022d0
 FILL mask 0xff
 *(.data.CCMRAM .data.CCMRAM.*)
                0x0000000010000000                . = ALIGN (0x4)
                0x00000000080022d0                _sidata = LOADADDR (.data)

.data           0x0000000020000000       0x8c load address 0x00000000080022d0
 FILL mask 0xff
                0x0000000020000000                _sdata = .
                0x0000000020000000                __data_start__ = .
 *(.data_begin .data_begin.*)
 .data_begin    0x0000000020000000        0x4 ./system/src/newlib/_startup.o
 *(.data .data.*)
 .data.argv.4374
                0x0000000020000004        0x8 ./system/src/newlib/_syscalls.o
 .data.SystemCoreClock
                0x000000002000000c        0x4 ./system/src/cmsis/system_stm32f4xx.o
                0x000000002000000c                SystemCoreClock
 .data.buffer   0x0000000020000010        0xd ./src/Camera.o
                0x0000000020000010                buffer
 *fill*         0x000000002000001d        0x1 ff
 .data.size     0x000000002000001e        0x2 ./src/Camera.o
                0x000000002000001e                size
 .data.timeout  0x0000000020000020        0x4 ./src/Camera.o
                0x0000000020000020                timeout
 .data._impure_ptr
                0x0000000020000024        0x4 /Users/joycelee/gcc-arm-none-eabi-8-2018-q4-major/bin/../lib/gcc/arm-none-eabi/8.2.1/../../../../arm-none-eabi/lib/thumb/v7e-m/nofp/libg_nano.a(lib_a-impure.o)
                0x0000000020000024                _impure_ptr
 .data.impure_data
                0x0000000020000028       0x60 /Users/joycelee/gcc-arm-none-eabi-8-2018-q4-major/bin/../lib/gcc/arm-none-eabi/8.2.1/../../../../arm-none-eabi/lib/thumb/v7e-m/nofp/libg_nano.a(lib_a-impure.o)
 *(.data_end .data_end.*)
 .data_end      0x0000000020000088        0x4 ./system/src/newlib/_startup.o
                0x000000002000008c                . = ALIGN (0x4)
                0x000000002000008c                _edata = .
                0x000000002000008c                __data_end__ = .

.igot.plt       0x000000002000008c        0x0 load address 0x000000000800235c
 .igot.plt      0x000000002000008c        0x0 ./system/src/stm32f4-hal/stm32f4xx_hal.o

.bss_CCMRAM     0x0000000010000000        0x0
 *(.bss.CCMRAM .bss.CCMRAM.*)

.bss            0x000000002000008c       0xf0
                0x000000002000008c                __bss_start__ = .
                0x000000002000008c                _sbss = .
 *(.bss_begin .bss_begin.*)
 .bss_begin     0x000000002000008c        0x4 ./system/src/newlib/_startup.o
 *(.bss .bss.*)
 .bss.current_heap_end.4004
                0x0000000020000090        0x4 ./system/src/newlib/_sbrk.o
 .bss.name.4373
                0x0000000020000094        0x1 ./system/src/newlib/_syscalls.o
 *fill*         0x0000000020000095        0x3 
 .bss.buf.5248  0x0000000020000098       0x80 ./system/src/diag/Trace.o
 .bss.__malloc_free_list
                0x0000000020000118        0x4 /Users/joycelee/gcc-arm-none-eabi-8-2018-q4-major/bin/../lib/gcc/arm-none-eabi/8.2.1/../../../../arm-none-eabi/lib/thumb/v7e-m/nofp/libg_nano.a(lib_a-nano-mallocr.o)
                0x0000000020000118                __malloc_free_list
 .bss.__malloc_sbrk_start
                0x000000002000011c        0x4 /Users/joycelee/gcc-arm-none-eabi-8-2018-q4-major/bin/../lib/gcc/arm-none-eabi/8.2.1/../../../../arm-none-eabi/lib/thumb/v7e-m/nofp/libg_nano.a(lib_a-nano-mallocr.o)
                0x000000002000011c                __malloc_sbrk_start
 *(COMMON)
 COMMON         0x0000000020000120        0x4 ./system/src/stm32f4-hal/stm32f4xx_hal.o
                0x0000000020000120                uwTick
 COMMON         0x0000000020000124        0x4 ./system/src/newlib/_syscalls.o
                0x0000000020000124                errno
 COMMON         0x0000000020000128       0x40 ./src/Camera.o
                0x0000000020000128                uart2
 COMMON         0x0000000020000168        0x4 ./src/Timer.o
                0x0000000020000168                timer_delayCount
 COMMON         0x000000002000016c        0x9 /Users/joycelee/gcc-arm-none-eabi-8-2018-q4-major/bin/../lib/gcc/arm-none-eabi/8.2.1/../../../../arm-none-eabi/lib/thumb/v7e-m/nofp/libg_nano.a(lib_a-lock.o)
                0x000000002000016c                __lock___atexit_recursive_mutex
                0x000000002000016d                __lock___arc4random_mutex
                0x000000002000016e                __lock___env_recursive_mutex
                0x000000002000016f                __lock___sinit_recursive_mutex
                0x0000000020000170                __lock___malloc_recursive_mutex
                0x0000000020000171                __lock___at_quick_exit_mutex
                0x0000000020000172                __lock___dd_hash_mutex
                0x0000000020000173                __lock___tz_mutex
                0x0000000020000174                __lock___sfp_recursive_mutex
 *(.bss_end .bss_end.*)
 *fill*         0x0000000020000175        0x3 
 .bss_end       0x0000000020000178        0x4 ./system/src/newlib/_startup.o
                0x000000002000017c                . = ALIGN (0x4)
                0x000000002000017c                __bss_end__ = .
                0x000000002000017c                _ebss = .

.noinit_CCMRAM
 *(.noinit.CCMRAM .noinit.CCMRAM.*)

.noinit         0x000000002000017c        0x0
                0x000000002000017c                _noinit = .
 *(.noinit .noinit.*)
                0x000000002000017c                . = ALIGN (0x4)
                0x000000002000017c                _end_noinit = .
                [!provide]                        PROVIDE (end = _end_noinit)
                [!provide]                        PROVIDE (_end = _end_noinit)
                [!provide]                        PROVIDE (__end = _end_noinit)
                [!provide]                        PROVIDE (__end__ = _end_noinit)

._check_stack   0x000000002000017c      0x100
                0x000000002000027c                . = (. + _Minimum_Stack_Size)
 *fill*         0x000000002000017c      0x100 

.b1text
 *(.b1text)
 *(.b1rodata)
 *(.b1rodata.*)

.eb0text
 *(.eb0text)
 *(.eb0rodata)
 *(.eb0rodata.*)

.eb1text
 *(.eb1text)
 *(.eb1rodata)
 *(.eb1rodata.*)

.eb2text
 *(.eb2text)
 *(.eb2rodata)
 *(.eb2rodata.*)

.eb3text
 *(.eb3text)
 *(.eb3rodata)
 *(.eb3rodata.*)

.stab
 *(.stab)

.stabstr
 *(.stabstr)

.stab.excl
 *(.stab.excl)

.stab.exclstr
 *(.stab.exclstr)

.stab.index
 *(.stab.index)

.stab.indexstr
 *(.stab.indexstr)

.comment        0x0000000000000000       0x75
 *(.comment)
 .comment       0x0000000000000000       0x75 ./system/src/stm32f4-hal/stm32f4xx_hal.o
                                         0x76 (size before relaxing)
 .comment       0x0000000000000075       0x76 ./system/src/stm32f4-hal/stm32f4xx_hal_cortex.o
 .comment       0x0000000000000075       0x76 ./system/src/stm32f4-hal/stm32f4xx_hal_gpio.o
 .comment       0x0000000000000075       0x76 ./system/src/stm32f4-hal/stm32f4xx_hal_rcc.o
 .comment       0x0000000000000075       0x76 ./system/src/stm32f4-hal/stm32f4xx_hal_uart.o
 .comment       0x0000000000000075       0x76 ./system/src/newlib/_exit.o
 .comment       0x0000000000000075       0x76 ./system/src/newlib/_sbrk.o
 .comment       0x0000000000000075       0x76 ./system/src/newlib/_startup.o
 .comment       0x0000000000000075       0x76 ./system/src/newlib/_syscalls.o
 .comment       0x0000000000000075       0x76 ./system/src/newlib/assert.o
 .comment       0x0000000000000075       0x76 ./system/src/diag/Trace.o
 .comment       0x0000000000000075       0x76 ./system/src/diag/trace_impl.o
 .comment       0x0000000000000075       0x76 ./system/src/cortexm/_initialize_hardware.o
 .comment       0x0000000000000075       0x76 ./system/src/cortexm/exception_handlers.o
 .comment       0x0000000000000075       0x76 ./system/src/cmsis/system_stm32f4xx.o
 .comment       0x0000000000000075       0x76 ./system/src/cmsis/vectors_stm32f429xx.o
 .comment       0x0000000000000075       0x76 ./src/BlinkLed.o
 .comment       0x0000000000000075       0x76 ./src/Camera.o
 .comment       0x0000000000000075       0x76 ./src/Timer.o
 .comment       0x0000000000000075       0x76 ./src/_initialize_hardware.o
 .comment       0x0000000000000075       0x76 ./src/main.o
 .comment       0x0000000000000075       0x76 ./src/stm32f4xx_hal_msp.o

.ARM.attributes
                0x0000000000000000       0x2c
 .ARM.attributes
                0x0000000000000000       0x2e ./system/src/stm32f4-hal/stm32f4xx_hal.o
 .ARM.attributes
                0x000000000000002e       0x2e ./system/src/stm32f4-hal/stm32f4xx_hal_cortex.o
 .ARM.attributes
                0x000000000000005c       0x2e ./system/src/stm32f4-hal/stm32f4xx_hal_gpio.o
 .ARM.attributes
                0x000000000000008a       0x2e ./system/src/stm32f4-hal/stm32f4xx_hal_rcc.o
 .ARM.attributes
                0x00000000000000b8       0x2e ./system/src/stm32f4-hal/stm32f4xx_hal_uart.o
 .ARM.attributes
                0x00000000000000e6       0x2e ./system/src/newlib/_exit.o
 .ARM.attributes
                0x0000000000000114       0x2e ./system/src/newlib/_sbrk.o
 .ARM.attributes
                0x0000000000000142       0x2e ./system/src/newlib/_startup.o
 .ARM.attributes
                0x0000000000000170       0x2e ./system/src/newlib/_syscalls.o
 .ARM.attributes
                0x000000000000019e       0x2e ./system/src/newlib/assert.o
 .ARM.attributes
                0x00000000000001cc       0x2e ./system/src/diag/Trace.o
 .ARM.attributes
                0x00000000000001fa       0x2e ./system/src/diag/trace_impl.o
 .ARM.attributes
                0x0000000000000228       0x2e ./system/src/cortexm/_initialize_hardware.o
 .ARM.attributes
                0x0000000000000256       0x2e ./system/src/cortexm/exception_handlers.o
 .ARM.attributes
                0x0000000000000284       0x2e ./system/src/cmsis/system_stm32f4xx.o
 .ARM.attributes
                0x00000000000002b2       0x2e ./system/src/cmsis/vectors_stm32f429xx.o
 .ARM.attributes
                0x00000000000002e0       0x2e ./src/BlinkLed.o
 .ARM.attributes
                0x000000000000030e       0x2e ./src/Camera.o
 .ARM.attributes
                0x000000000000033c       0x2e ./src/Timer.o
 .ARM.attributes
                0x000000000000036a       0x2e ./src/_initialize_hardware.o
 .ARM.attributes
                0x0000000000000398       0x2e ./src/main.o
 .ARM.attributes
                0x00000000000003c6       0x2e ./src/stm32f4xx_hal_msp.o
 .ARM.attributes
                0x00000000000003f4       0x2e /Users/joycelee/gcc-arm-none-eabi-8-2018-q4-major/bin/../lib/gcc/arm-none-eabi/8.2.1/../../../../arm-none-eabi/lib/thumb/v7e-m/nofp/libg_nano.a(lib_a-errno.o)
 .ARM.attributes
                0x0000000000000422       0x2e /Users/joycelee/gcc-arm-none-eabi-8-2018-q4-major/bin/../lib/gcc/arm-none-eabi/8.2.1/../../../../arm-none-eabi/lib/thumb/v7e-m/nofp/libg_nano.a(lib_a-impure.o)
 .ARM.attributes
                0x0000000000000450       0x17 /Users/joycelee/gcc-arm-none-eabi-8-2018-q4-major/bin/../lib/gcc/arm-none-eabi/8.2.1/../../../../arm-none-eabi/lib/thumb/v7e-m/nofp/libg_nano.a(lib_a-strlen.o)
 .ARM.attributes
                0x0000000000000467       0x2e /Users/joycelee/gcc-arm-none-eabi-8-2018-q4-major/bin/../lib/gcc/arm-none-eabi/8.2.1/../../../../arm-none-eabi/lib/thumb/v7e-m/nofp/libg_nano.a(lib_a-vsnprintf.o)
 .ARM.attributes
                0x0000000000000495       0x2e /Users/joycelee/gcc-arm-none-eabi-8-2018-q4-major/bin/../lib/gcc/arm-none-eabi/8.2.1/../../../../arm-none-eabi/lib/thumb/v7e-m/nofp/libg_nano.a(lib_a-nano-svfprintf.o)
 .ARM.attributes
                0x00000000000004c3       0x2e /Users/joycelee/gcc-arm-none-eabi-8-2018-q4-major/bin/../lib/gcc/arm-none-eabi/8.2.1/../../../../arm-none-eabi/lib/thumb/v7e-m/nofp/libg_nano.a(lib_a-nano-vfprintf_i.o)
 .ARM.attributes
                0x00000000000004f1       0x1c /Users/joycelee/gcc-arm-none-eabi-8-2018-q4-major/bin/../lib/gcc/arm-none-eabi/8.2.1/../../../../arm-none-eabi/lib/thumb/v7e-m/nofp/libg_nano.a(lib_a-memchr.o)
 .ARM.attributes
                0x000000000000050d       0x2e /Users/joycelee/gcc-arm-none-eabi-8-2018-q4-major/bin/../lib/gcc/arm-none-eabi/8.2.1/../../../../arm-none-eabi/lib/thumb/v7e-m/nofp/libg_nano.a(lib_a-memcpy-stub.o)
 .ARM.attributes
                0x000000000000053b       0x2e /Users/joycelee/gcc-arm-none-eabi-8-2018-q4-major/bin/../lib/gcc/arm-none-eabi/8.2.1/../../../../arm-none-eabi/lib/thumb/v7e-m/nofp/libg_nano.a(lib_a-memmove.o)
 .ARM.attributes
                0x0000000000000569       0x2e /Users/joycelee/gcc-arm-none-eabi-8-2018-q4-major/bin/../lib/gcc/arm-none-eabi/8.2.1/../../../../arm-none-eabi/lib/thumb/v7e-m/nofp/libg_nano.a(lib_a-nano-freer.o)
 .ARM.attributes
                0x0000000000000597       0x2e /Users/joycelee/gcc-arm-none-eabi-8-2018-q4-major/bin/../lib/gcc/arm-none-eabi/8.2.1/../../../../arm-none-eabi/lib/thumb/v7e-m/nofp/libg_nano.a(lib_a-nano-mallocr.o)
 .ARM.attributes
                0x00000000000005c5       0x2e /Users/joycelee/gcc-arm-none-eabi-8-2018-q4-major/bin/../lib/gcc/arm-none-eabi/8.2.1/../../../../arm-none-eabi/lib/thumb/v7e-m/nofp/libg_nano.a(lib_a-nano-reallocr.o)
 .ARM.attributes
                0x00000000000005f3       0x2e /Users/joycelee/gcc-arm-none-eabi-8-2018-q4-major/bin/../lib/gcc/arm-none-eabi/8.2.1/../../../../arm-none-eabi/lib/thumb/v7e-m/nofp/libg_nano.a(lib_a-sbrkr.o)
 .ARM.attributes
                0x0000000000000621       0x2e /Users/joycelee/gcc-arm-none-eabi-8-2018-q4-major/bin/../lib/gcc/arm-none-eabi/8.2.1/../../../../arm-none-eabi/lib/thumb/v7e-m/nofp/libg_nano.a(lib_a-mlock.o)
 .ARM.attributes
                0x000000000000064f       0x2e /Users/joycelee/gcc-arm-none-eabi-8-2018-q4-major/bin/../lib/gcc/arm-none-eabi/8.2.1/../../../../arm-none-eabi/lib/thumb/v7e-m/nofp/libg_nano.a(lib_a-nano-msizer.o)
 .ARM.attributes
                0x000000000000067d       0x2e /Users/joycelee/gcc-arm-none-eabi-8-2018-q4-major/bin/../lib/gcc/arm-none-eabi/8.2.1/../../../../arm-none-eabi/lib/thumb/v7e-m/nofp/libg_nano.a(lib_a-lock.o)

.debug
 *(.debug)

.line
 *(.line)

.debug_srcinfo
 *(.debug_srcinfo)

.debug_sfnames
 *(.debug_sfnames)

.debug_aranges  0x0000000000000000      0x6f0
 *(.debug_aranges)
 .debug_aranges
                0x0000000000000000       0xd0 ./system/src/stm32f4-hal/stm32f4xx_hal.o
 .debug_aranges
                0x00000000000000d0       0x98 ./system/src/stm32f4-hal/stm32f4xx_hal_cortex.o
 .debug_aranges
                0x0000000000000168       0x58 ./system/src/stm32f4-hal/stm32f4xx_hal_gpio.o
 .debug_aranges
                0x00000000000001c0       0x88 ./system/src/stm32f4-hal/stm32f4xx_hal_rcc.o
 .debug_aranges
                0x0000000000000248      0x168 ./system/src/stm32f4-hal/stm32f4xx_hal_uart.o
 .debug_aranges
                0x00000000000003b0       0x28 ./system/src/newlib/_exit.o
 .debug_aranges
                0x00000000000003d8       0x20 ./system/src/newlib/_sbrk.o
 .debug_aranges
                0x00000000000003f8       0x40 ./system/src/newlib/_startup.o
 .debug_aranges
                0x0000000000000438       0x30 ./system/src/newlib/_syscalls.o
 .debug_aranges
                0x0000000000000468       0x28 ./system/src/newlib/assert.o
 .debug_aranges
                0x0000000000000490       0x38 ./system/src/diag/Trace.o
 .debug_aranges
                0x00000000000004c8       0x30 ./system/src/diag/trace_impl.o
 .debug_aranges
                0x00000000000004f8       0x28 ./system/src/cortexm/_initialize_hardware.o
 .debug_aranges
                0x0000000000000520       0x90 ./system/src/cortexm/exception_handlers.o
 .debug_aranges
                0x00000000000005b0       0x28 ./system/src/cmsis/system_stm32f4xx.o
 .debug_aranges
                0x00000000000005d8       0x20 ./system/src/cmsis/vectors_stm32f429xx.o
 .debug_aranges
                0x00000000000005f8       0x20 ./src/BlinkLed.o
 .debug_aranges
                0x0000000000000618       0x20 ./src/Camera.o
 .debug_aranges
                0x0000000000000638       0x38 ./src/Timer.o
 .debug_aranges
                0x0000000000000670       0x28 ./src/_initialize_hardware.o
 .debug_aranges
                0x0000000000000698       0x20 ./src/main.o
 .debug_aranges
                0x00000000000006b8       0x38 ./src/stm32f4xx_hal_msp.o

.debug_pubnames
 *(.debug_pubnames)

.debug_info     0x0000000000000000    0x13e42
 *(.debug_info .gnu.linkonce.wi.*)
 .debug_info    0x0000000000000000     0x12f4 ./system/src/stm32f4-hal/stm32f4xx_hal.o
 .debug_info    0x00000000000012f4     0x1b71 ./system/src/stm32f4-hal/stm32f4xx_hal_cortex.o
 .debug_info    0x0000000000002e65     0x11f5 ./system/src/stm32f4-hal/stm32f4xx_hal_gpio.o
 .debug_info    0x000000000000405a     0x19c7 ./system/src/stm32f4-hal/stm32f4xx_hal_rcc.o
 .debug_info    0x0000000000005a21     0x20f8 ./system/src/stm32f4-hal/stm32f4xx_hal_uart.o
 .debug_info    0x0000000000007b19      0x9e7 ./system/src/newlib/_exit.o
 .debug_info    0x0000000000008500      0x9d4 ./system/src/newlib/_sbrk.o
 .debug_info    0x0000000000008ed4      0x591 ./system/src/newlib/_startup.o
 .debug_info    0x0000000000009465      0xab9 ./system/src/newlib/_syscalls.o
 .debug_info    0x0000000000009f1e      0xaaa ./system/src/newlib/assert.o
 .debug_info    0x000000000000a9c8      0xbdb ./system/src/diag/Trace.o
 .debug_info    0x000000000000b5a3      0xc46 ./system/src/diag/trace_impl.o
 .debug_info    0x000000000000c1e9      0xb7f ./system/src/cortexm/_initialize_hardware.o
 .debug_info    0x000000000000cd68     0x1296 ./system/src/cortexm/exception_handlers.o
 .debug_info    0x000000000000dffe      0xdc9 ./system/src/cmsis/system_stm32f4xx.o
 .debug_info    0x000000000000edc7       0xce ./system/src/cmsis/vectors_stm32f429xx.o
 .debug_info    0x000000000000ee95      0xcea ./src/BlinkLed.o
 .debug_info    0x000000000000fb7f      0xe90 ./src/Camera.o
 .debug_info    0x0000000000010a0f     0x104f ./src/Timer.o
 .debug_info    0x0000000000011a5e      0xdf2 ./src/_initialize_hardware.o
 .debug_info    0x0000000000012850      0xc5b ./src/main.o
 .debug_info    0x00000000000134ab      0x997 ./src/stm32f4xx_hal_msp.o

.debug_abbrev   0x0000000000000000     0x3a91
 *(.debug_abbrev)
 .debug_abbrev  0x0000000000000000      0x384 ./system/src/stm32f4-hal/stm32f4xx_hal.o
 .debug_abbrev  0x0000000000000384      0x479 ./system/src/stm32f4-hal/stm32f4xx_hal_cortex.o
 .debug_abbrev  0x00000000000007fd      0x32f ./system/src/stm32f4-hal/stm32f4xx_hal_gpio.o
 .debug_abbrev  0x0000000000000b2c      0x404 ./system/src/stm32f4-hal/stm32f4xx_hal_rcc.o
 .debug_abbrev  0x0000000000000f30      0x36f ./system/src/stm32f4-hal/stm32f4xx_hal_uart.o
 .debug_abbrev  0x000000000000129f      0x222 ./system/src/newlib/_exit.o
 .debug_abbrev  0x00000000000014c1      0x232 ./system/src/newlib/_sbrk.o
 .debug_abbrev  0x00000000000016f3      0x203 ./system/src/newlib/_startup.o
 .debug_abbrev  0x00000000000018f6      0x26d ./system/src/newlib/_syscalls.o
 .debug_abbrev  0x0000000000001b63      0x222 ./system/src/newlib/assert.o
 .debug_abbrev  0x0000000000001d85      0x2c6 ./system/src/diag/Trace.o
 .debug_abbrev  0x000000000000204b      0x34e ./system/src/diag/trace_impl.o
 .debug_abbrev  0x0000000000002399      0x20a ./system/src/cortexm/_initialize_hardware.o
 .debug_abbrev  0x00000000000025a3      0x372 ./system/src/cortexm/exception_handlers.o
 .debug_abbrev  0x0000000000002915      0x250 ./system/src/cmsis/system_stm32f4xx.o
 .debug_abbrev  0x0000000000002b65       0xa5 ./system/src/cmsis/vectors_stm32f429xx.o
 .debug_abbrev  0x0000000000002c0a      0x26e ./src/BlinkLed.o
 .debug_abbrev  0x0000000000002e78      0x243 ./src/Camera.o
 .debug_abbrev  0x00000000000030bb      0x301 ./src/Timer.o
 .debug_abbrev  0x00000000000033bc      0x25d ./src/_initialize_hardware.o
 .debug_abbrev  0x0000000000003619      0x29f ./src/main.o
 .debug_abbrev  0x00000000000038b8      0x1d9 ./src/stm32f4xx_hal_msp.o

.debug_line     0x0000000000000000     0xeec0
 *(.debug_line)
 .debug_line    0x0000000000000000      0xd63 ./system/src/stm32f4-hal/stm32f4xx_hal.o
 .debug_line    0x0000000000000d63     0x102d ./system/src/stm32f4-hal/stm32f4xx_hal_cortex.o
 .debug_line    0x0000000000001d90     0x10e9 ./system/src/stm32f4-hal/stm32f4xx_hal_gpio.o
 .debug_line    0x0000000000002e79     0x15aa ./system/src/stm32f4-hal/stm32f4xx_hal_rcc.o
 .debug_line    0x0000000000004423     0x2080 ./system/src/stm32f4-hal/stm32f4xx_hal_uart.o
 .debug_line    0x00000000000064a3      0x352 ./system/src/newlib/_exit.o
 .debug_line    0x00000000000067f5      0x343 ./system/src/newlib/_sbrk.o
 .debug_line    0x0000000000006b38      0x5bc ./system/src/newlib/_startup.o
 .debug_line    0x00000000000070f4      0x44e ./system/src/newlib/_syscalls.o
 .debug_line    0x0000000000007542      0x395 ./system/src/newlib/assert.o
 .debug_line    0x00000000000078d7      0x42e ./system/src/diag/Trace.o
 .debug_line    0x0000000000007d05      0xbad ./system/src/diag/trace_impl.o
 .debug_line    0x00000000000088b2      0xaa9 ./system/src/cortexm/_initialize_hardware.o
 .debug_line    0x000000000000935b      0xd8f ./system/src/cortexm/exception_handlers.o
 .debug_line    0x000000000000a0ea      0xb6c ./system/src/cmsis/system_stm32f4xx.o
 .debug_line    0x000000000000ac56      0x10c ./system/src/cmsis/vectors_stm32f429xx.o
 .debug_line    0x000000000000ad62      0xaa3 ./src/BlinkLed.o
 .debug_line    0x000000000000b805      0xa67 ./src/Camera.o
 .debug_line    0x000000000000c26c      0xb68 ./src/Timer.o
 .debug_line    0x000000000000cdd4      0xb08 ./src/_initialize_hardware.o
 .debug_line    0x000000000000d8dc      0xb4a ./src/main.o
 .debug_line    0x000000000000e426      0xa9a ./src/stm32f4xx_hal_msp.o

.debug_frame    0x0000000000000000     0x127c
 *(.debug_frame)
 .debug_frame   0x0000000000000000      0x1a8 ./system/src/stm32f4-hal/stm32f4xx_hal.o
 .debug_frame   0x00000000000001a8      0x17c ./system/src/stm32f4-hal/stm32f4xx_hal_cortex.o
 .debug_frame   0x0000000000000324       0xfc ./system/src/stm32f4-hal/stm32f4xx_hal_gpio.o
 .debug_frame   0x0000000000000420      0x13c ./system/src/stm32f4-hal/stm32f4xx_hal_rcc.o
 .debug_frame   0x000000000000055c      0x3e8 ./system/src/stm32f4-hal/stm32f4xx_hal_uart.o
 .debug_frame   0x0000000000000944       0x38 ./system/src/newlib/_exit.o
 .debug_frame   0x000000000000097c       0x28 ./system/src/newlib/_sbrk.o
 .debug_frame   0x00000000000009a4       0x7c ./system/src/newlib/_startup.o
 .debug_frame   0x0000000000000a20       0x50 ./system/src/newlib/_syscalls.o
 .debug_frame   0x0000000000000a70       0x40 ./system/src/newlib/assert.o
 .debug_frame   0x0000000000000ab0       0x94 ./system/src/diag/Trace.o
 .debug_frame   0x0000000000000b44       0x64 ./system/src/diag/trace_impl.o
 .debug_frame   0x0000000000000ba8       0x40 ./system/src/cortexm/_initialize_hardware.o
 .debug_frame   0x0000000000000be8      0x158 ./system/src/cortexm/exception_handlers.o
 .debug_frame   0x0000000000000d40       0x30 ./system/src/cmsis/system_stm32f4xx.o
 .debug_frame   0x0000000000000d70       0x20 ./system/src/cmsis/vectors_stm32f429xx.o
 .debug_frame   0x0000000000000d90       0x30 ./src/BlinkLed.o
 .debug_frame   0x0000000000000dc0       0x28 ./src/Camera.o
 .debug_frame   0x0000000000000de8       0x58 ./src/Timer.o
 .debug_frame   0x0000000000000e40       0x48 ./src/_initialize_hardware.o
 .debug_frame   0x0000000000000e88       0x28 ./src/main.o
 .debug_frame   0x0000000000000eb0       0x50 ./src/stm32f4xx_hal_msp.o
 .debug_frame   0x0000000000000f00       0x20 /Users/joycelee/gcc-arm-none-eabi-8-2018-q4-major/bin/../lib/gcc/arm-none-eabi/8.2.1/../../../../arm-none-eabi/lib/thumb/v7e-m/nofp/libg_nano.a(lib_a-errno.o)
 .debug_frame   0x0000000000000f20       0x4c /Users/joycelee/gcc-arm-none-eabi-8-2018-q4-major/bin/../lib/gcc/arm-none-eabi/8.2.1/../../../../arm-none-eabi/lib/thumb/v7e-m/nofp/libg_nano.a(lib_a-vsnprintf.o)
 .debug_frame   0x0000000000000f6c       0x90 /Users/joycelee/gcc-arm-none-eabi-8-2018-q4-major/bin/../lib/gcc/arm-none-eabi/8.2.1/../../../../arm-none-eabi/lib/thumb/v7e-m/nofp/libg_nano.a(lib_a-nano-svfprintf.o)
 .debug_frame   0x0000000000000ffc       0x60 /Users/joycelee/gcc-arm-none-eabi-8-2018-q4-major/bin/../lib/gcc/arm-none-eabi/8.2.1/../../../../arm-none-eabi/lib/thumb/v7e-m/nofp/libg_nano.a(lib_a-nano-vfprintf_i.o)
 .debug_frame   0x000000000000105c       0x28 /Users/joycelee/gcc-arm-none-eabi-8-2018-q4-major/bin/../lib/gcc/arm-none-eabi/8.2.1/../../../../arm-none-eabi/lib/thumb/v7e-m/nofp/libg_nano.a(lib_a-memcpy-stub.o)
 .debug_frame   0x0000000000001084       0x28 /Users/joycelee/gcc-arm-none-eabi-8-2018-q4-major/bin/../lib/gcc/arm-none-eabi/8.2.1/../../../../arm-none-eabi/lib/thumb/v7e-m/nofp/libg_nano.a(lib_a-memmove.o)
 .debug_frame   0x00000000000010ac       0x38 /Users/joycelee/gcc-arm-none-eabi-8-2018-q4-major/bin/../lib/gcc/arm-none-eabi/8.2.1/../../../../arm-none-eabi/lib/thumb/v7e-m/nofp/libg_nano.a(lib_a-nano-freer.o)
 .debug_frame   0x00000000000010e4       0x30 /Users/joycelee/gcc-arm-none-eabi-8-2018-q4-major/bin/../lib/gcc/arm-none-eabi/8.2.1/../../../../arm-none-eabi/lib/thumb/v7e-m/nofp/libg_nano.a(lib_a-nano-mallocr.o)
 .debug_frame   0x0000000000001114       0x3c /Users/joycelee/gcc-arm-none-eabi-8-2018-q4-major/bin/../lib/gcc/arm-none-eabi/8.2.1/../../../../arm-none-eabi/lib/thumb/v7e-m/nofp/libg_nano.a(lib_a-nano-reallocr.o)
 .debug_frame   0x0000000000001150       0x2c /Users/joycelee/gcc-arm-none-eabi-8-2018-q4-major/bin/../lib/gcc/arm-none-eabi/8.2.1/../../../../arm-none-eabi/lib/thumb/v7e-m/nofp/libg_nano.a(lib_a-sbrkr.o)
 .debug_frame   0x000000000000117c       0x30 /Users/joycelee/gcc-arm-none-eabi-8-2018-q4-major/bin/../lib/gcc/arm-none-eabi/8.2.1/../../../../arm-none-eabi/lib/thumb/v7e-m/nofp/libg_nano.a(lib_a-mlock.o)
 .debug_frame   0x00000000000011ac       0x20 /Users/joycelee/gcc-arm-none-eabi-8-2018-q4-major/bin/../lib/gcc/arm-none-eabi/8.2.1/../../../../arm-none-eabi/lib/thumb/v7e-m/nofp/libg_nano.a(lib_a-nano-msizer.o)
 .debug_frame   0x00000000000011cc       0xb0 /Users/joycelee/gcc-arm-none-eabi-8-2018-q4-major/bin/../lib/gcc/arm-none-eabi/8.2.1/../../../../arm-none-eabi/lib/thumb/v7e-m/nofp/libg_nano.a(lib_a-lock.o)

.debug_str      0x0000000000000000    0xa9921
 *(.debug_str)
 .debug_str     0x0000000000000000    0xa53ba ./system/src/stm32f4-hal/stm32f4xx_hal.o
                                      0xa57f4 (size before relaxing)
 .debug_str     0x00000000000a53ba      0x38c ./system/src/stm32f4-hal/stm32f4xx_hal_cortex.o
                                      0xa5622 (size before relaxing)
 .debug_str     0x00000000000a5746      0x2dd ./system/src/stm32f4-hal/stm32f4xx_hal_gpio.o
                                      0xa4fe7 (size before relaxing)
 .debug_str     0x00000000000a5a23      0x393 ./system/src/stm32f4-hal/stm32f4xx_hal_rcc.o
                                      0xa5175 (size before relaxing)
 .debug_str     0x00000000000a5db6      0x7e1 ./system/src/stm32f4-hal/stm32f4xx_hal_uart.o
                                      0xa5466 (size before relaxing)
 .debug_str     0x00000000000a6597     0x10ff ./system/src/newlib/_exit.o
                                       0x7e99 (size before relaxing)
 .debug_str     0x00000000000a7696      0x4f5 ./system/src/newlib/_sbrk.o
                                       0x724b (size before relaxing)
 .debug_str     0x00000000000a7b8b      0x2c6 ./system/src/newlib/_startup.o
                                       0x69ec (size before relaxing)
 .debug_str     0x00000000000a7e51      0xf90 ./system/src/newlib/_syscalls.o
                                       0x823a (size before relaxing)
 .debug_str     0x00000000000a8de1       0xd0 ./system/src/newlib/assert.o
                                       0x899e (size before relaxing)
 .debug_str     0x00000000000a8eb1      0x176 ./system/src/diag/Trace.o
                                       0x8611 (size before relaxing)
 .debug_str     0x00000000000a9027      0x37b ./system/src/diag/trace_impl.o
                                      0xa5ef1 (size before relaxing)
 .debug_str     0x00000000000a93a2       0x5e ./system/src/cortexm/_initialize_hardware.o
                                      0xa4c83 (size before relaxing)
 .debug_str     0x00000000000a9400      0x19d ./system/src/cortexm/exception_handlers.o
                                      0xa607b (size before relaxing)
 .debug_str     0x00000000000a959d       0x46 ./system/src/cmsis/system_stm32f4xx.o
                                      0xa4d65 (size before relaxing)
 .debug_str     0x00000000000a95e3       0x59 ./system/src/cmsis/vectors_stm32f429xx.o
                                       0x3933 (size before relaxing)
 .debug_str     0x00000000000a963c      0x12f ./src/BlinkLed.o
                                      0xa4e4b (size before relaxing)
 .debug_str     0x00000000000a976b       0x38 ./src/Camera.o
                                      0xa4fbb (size before relaxing)
 .debug_str     0x00000000000a97a3       0x76 ./src/Timer.o
                                      0xa52d1 (size before relaxing)
 .debug_str     0x00000000000a9819       0x31 ./src/_initialize_hardware.o
                                      0xa4e7b (size before relaxing)
 .debug_str     0x00000000000a984a       0x9a ./src/main.o
                                      0xa5ef4 (size before relaxing)
 .debug_str     0x00000000000a98e4       0x3d ./src/stm32f4xx_hal_msp.o
                                      0xa4bcb (size before relaxing)

.debug_loc      0x0000000000000000     0x3cc7
 *(.debug_loc)
 .debug_loc     0x0000000000000000      0x135 ./system/src/stm32f4-hal/stm32f4xx_hal.o
 .debug_loc     0x0000000000000135      0x8cf ./system/src/stm32f4-hal/stm32f4xx_hal_cortex.o
 .debug_loc     0x0000000000000a04      0x663 ./system/src/stm32f4-hal/stm32f4xx_hal_gpio.o
 .debug_loc     0x0000000000001067      0x7a1 ./system/src/stm32f4-hal/stm32f4xx_hal_rcc.o
 .debug_loc     0x0000000000001808     0x158e ./system/src/stm32f4-hal/stm32f4xx_hal_uart.o
 .debug_loc     0x0000000000002d96       0x15 ./system/src/newlib/_exit.o
 .debug_loc     0x0000000000002dab       0x97 ./system/src/newlib/_sbrk.o
 .debug_loc     0x0000000000002e42      0x465 ./system/src/newlib/_startup.o
 .debug_loc     0x00000000000032a7       0x6f ./system/src/newlib/_syscalls.o
 .debug_loc     0x0000000000003316      0x160 ./system/src/newlib/assert.o
 .debug_loc     0x0000000000003476      0x118 ./system/src/diag/Trace.o
 .debug_loc     0x000000000000358e      0x1a1 ./system/src/diag/trace_impl.o
 .debug_loc     0x000000000000372f      0x35c ./system/src/cortexm/exception_handlers.o
 .debug_loc     0x0000000000003a8b      0x16c ./system/src/cmsis/system_stm32f4xx.o
 .debug_loc     0x0000000000003bf7       0x63 ./src/Timer.o
 .debug_loc     0x0000000000003c5a       0x6d ./src/main.o

.debug_macinfo
 *(.debug_macinfo)

.debug_weaknames
 *(.debug_weaknames)

.debug_funcnames
 *(.debug_funcnames)

.debug_typenames
 *(.debug_typenames)

.debug_varnames
 *(.debug_varnames)
OUTPUT(cubesat-obc.elf elf32-littlearm)

.debug_ranges   0x0000000000000000      0x668
 .debug_ranges  0x0000000000000000       0xc0 ./system/src/stm32f4-hal/stm32f4xx_hal.o
 .debug_ranges  0x00000000000000c0       0xe8 ./system/src/stm32f4-hal/stm32f4xx_hal_cortex.o
 .debug_ranges  0x00000000000001a8       0x48 ./system/src/stm32f4-hal/stm32f4xx_hal_gpio.o
 .debug_ranges  0x00000000000001f0       0x78 ./system/src/stm32f4-hal/stm32f4xx_hal_rcc.o
 .debug_ranges  0x0000000000000268      0x158 ./system/src/stm32f4-hal/stm32f4xx_hal_uart.o
 .debug_ranges  0x00000000000003c0       0x18 ./system/src/newlib/_exit.o
 .debug_ranges  0x00000000000003d8       0x10 ./system/src/newlib/_sbrk.o
 .debug_ranges  0x00000000000003e8       0x78 ./system/src/newlib/_startup.o
 .debug_ranges  0x0000000000000460       0x20 ./system/src/newlib/_syscalls.o
 .debug_ranges  0x0000000000000480       0x18 ./system/src/newlib/assert.o
 .debug_ranges  0x0000000000000498       0x28 ./system/src/diag/Trace.o
 .debug_ranges  0x00000000000004c0       0x38 ./system/src/diag/trace_impl.o
 .debug_ranges  0x00000000000004f8       0x18 ./system/src/cortexm/_initialize_hardware.o
 .debug_ranges  0x0000000000000510       0x98 ./system/src/cortexm/exception_handlers.o
 .debug_ranges  0x00000000000005a8       0x18 ./system/src/cmsis/system_stm32f4xx.o
 .debug_ranges  0x00000000000005c0       0x10 ./system/src/cmsis/vectors_stm32f429xx.o
 .debug_ranges  0x00000000000005d0       0x10 ./src/BlinkLed.o
 .debug_ranges  0x00000000000005e0       0x10 ./src/Camera.o
 .debug_ranges  0x00000000000005f0       0x28 ./src/Timer.o
 .debug_ranges  0x0000000000000618       0x18 ./src/_initialize_hardware.o
 .debug_ranges  0x0000000000000630       0x10 ./src/main.o
 .debug_ranges  0x0000000000000640       0x28 ./src/stm32f4xx_hal_msp.o

.debug_macro    0x0000000000000000    0x1f5be
 .debug_macro   0x0000000000000000      0x573 ./system/src/stm32f4-hal/stm32f4xx_hal.o
 .debug_macro   0x0000000000000573      0xaa2 ./system/src/stm32f4-hal/stm32f4xx_hal.o
 .debug_macro   0x0000000000001015      0x289 ./system/src/stm32f4-hal/stm32f4xx_hal.o
 .debug_macro   0x000000000000129e       0x31 ./system/src/stm32f4-hal/stm32f4xx_hal.o
 .debug_macro   0x00000000000012cf       0x28 ./system/src/stm32f4-hal/stm32f4xx_hal.o
 .debug_macro   0x00000000000012f7      0x34e ./system/src/stm32f4-hal/stm32f4xx_hal.o
 .debug_macro   0x0000000000001645       0x35 ./system/src/stm32f4-hal/stm32f4xx_hal.o
 .debug_macro   0x000000000000167a       0x50 ./system/src/stm32f4-hal/stm32f4xx_hal.o
 .debug_macro   0x00000000000016ca      0xe66 ./system/src/stm32f4-hal/stm32f4xx_hal.o
 .debug_macro   0x0000000000002530     0xa373 ./system/src/stm32f4-hal/stm32f4xx_hal.o
 .debug_macro   0x000000000000c8a3       0x43 ./system/src/stm32f4-hal/stm32f4xx_hal.o
 .debug_macro   0x000000000000c8e6     0x34ef ./system/src/stm32f4-hal/stm32f4xx_hal.o
 .debug_macro   0x000000000000fdd5       0x22 ./system/src/stm32f4-hal/stm32f4xx_hal.o
 .debug_macro   0x000000000000fdf7       0x58 ./system/src/stm32f4-hal/stm32f4xx_hal.o
 .debug_macro   0x000000000000fe4f       0x18 ./system/src/stm32f4-hal/stm32f4xx_hal.o
 .debug_macro   0x000000000000fe67       0x94 ./system/src/stm32f4-hal/stm32f4xx_hal.o
 .debug_macro   0x000000000000fefb       0x35 ./system/src/stm32f4-hal/stm32f4xx_hal.o
 .debug_macro   0x000000000000ff30       0x34 ./system/src/stm32f4-hal/stm32f4xx_hal.o
 .debug_macro   0x000000000000ff64       0x16 ./system/src/stm32f4-hal/stm32f4xx_hal.o
 .debug_macro   0x000000000000ff7a       0x57 ./system/src/stm32f4-hal/stm32f4xx_hal.o
 .debug_macro   0x000000000000ffd1       0x97 ./system/src/stm32f4-hal/stm32f4xx_hal.o
 .debug_macro   0x0000000000010068      0x339 ./system/src/stm32f4-hal/stm32f4xx_hal.o
 .debug_macro   0x00000000000103a1       0xfd ./system/src/stm32f4-hal/stm32f4xx_hal.o
 .debug_macro   0x000000000001049e       0x10 ./system/src/stm32f4-hal/stm32f4xx_hal.o
 .debug_macro   0x00000000000104ae       0x58 ./system/src/stm32f4-hal/stm32f4xx_hal.o
 .debug_macro   0x0000000000010506       0x1f ./system/src/stm32f4-hal/stm32f4xx_hal.o
 .debug_macro   0x0000000000010525       0x43 ./system/src/stm32f4-hal/stm32f4xx_hal.o
 .debug_macro   0x0000000000010568       0x20 ./system/src/stm32f4-hal/stm32f4xx_hal.o
 .debug_macro   0x0000000000010588      0x18e ./system/src/stm32f4-hal/stm32f4xx_hal.o
 .debug_macro   0x0000000000010716       0x10 ./system/src/stm32f4-hal/stm32f4xx_hal.o
 .debug_macro   0x0000000000010726       0x6a ./system/src/stm32f4-hal/stm32f4xx_hal.o
 .debug_macro   0x0000000000010790       0x1c ./system/src/stm32f4-hal/stm32f4xx_hal.o
 .debug_macro   0x00000000000107ac       0x52 ./system/src/stm32f4-hal/stm32f4xx_hal.o
 .debug_macro   0x00000000000107fe       0x40 ./system/src/stm32f4-hal/stm32f4xx_hal.o
 .debug_macro   0x000000000001083e       0x10 ./system/src/stm32f4-hal/stm32f4xx_hal.o
 .debug_macro   0x000000000001084e       0x40 ./system/src/stm32f4-hal/stm32f4xx_hal.o
 .debug_macro   0x000000000001088e       0xd7 ./system/src/stm32f4-hal/stm32f4xx_hal.o
 .debug_macro   0x0000000000010965       0x1c ./system/src/stm32f4-hal/stm32f4xx_hal.o
 .debug_macro   0x0000000000010981       0x3d ./system/src/stm32f4-hal/stm32f4xx_hal.o
 .debug_macro   0x00000000000109be       0x16 ./system/src/stm32f4-hal/stm32f4xx_hal.o
 .debug_macro   0x00000000000109d4      0x16f ./system/src/stm32f4-hal/stm32f4xx_hal.o
 .debug_macro   0x0000000000010b43       0x57 ./system/src/stm32f4-hal/stm32f4xx_hal.o
 .debug_macro   0x0000000000010b9a      0xc9e ./system/src/stm32f4-hal/stm32f4xx_hal.o
 .debug_macro   0x0000000000011838      0x9e1 ./system/src/stm32f4-hal/stm32f4xx_hal.o
 .debug_macro   0x0000000000012219      0x11e ./system/src/stm32f4-hal/stm32f4xx_hal.o
 .debug_macro   0x0000000000012337      0x161 ./system/src/stm32f4-hal/stm32f4xx_hal.o
 .debug_macro   0x0000000000012498       0x27 ./system/src/stm32f4-hal/stm32f4xx_hal.o
 .debug_macro   0x00000000000124bf      0x287 ./system/src/stm32f4-hal/stm32f4xx_hal.o
 .debug_macro   0x0000000000012746       0x5f ./system/src/stm32f4-hal/stm32f4xx_hal.o
 .debug_macro   0x00000000000127a5      0x23a ./system/src/stm32f4-hal/stm32f4xx_hal.o
 .debug_macro   0x00000000000129df      0x391 ./system/src/stm32f4-hal/stm32f4xx_hal.o
 .debug_macro   0x0000000000012d70      0x17d ./system/src/stm32f4-hal/stm32f4xx_hal.o
 .debug_macro   0x0000000000012eed       0xf9 ./system/src/stm32f4-hal/stm32f4xx_hal.o
 .debug_macro   0x0000000000012fe6      0x36e ./system/src/stm32f4-hal/stm32f4xx_hal.o
 .debug_macro   0x0000000000013354       0x23 ./system/src/stm32f4-hal/stm32f4xx_hal.o
 .debug_macro   0x0000000000013377      0x201 ./system/src/stm32f4-hal/stm32f4xx_hal.o
 .debug_macro   0x0000000000013578       0xe6 ./system/src/stm32f4-hal/stm32f4xx_hal.o
 .debug_macro   0x000000000001365e       0xa1 ./system/src/stm32f4-hal/stm32f4xx_hal.o
 .debug_macro   0x00000000000136ff       0x3c ./system/src/stm32f4-hal/stm32f4xx_hal.o
 .debug_macro   0x000000000001373b       0x1f ./system/src/stm32f4-hal/stm32f4xx_hal.o
 .debug_macro   0x000000000001375a      0x1cd ./system/src/stm32f4-hal/stm32f4xx_hal.o
 .debug_macro   0x0000000000013927      0xcd6 ./system/src/stm32f4-hal/stm32f4xx_hal.o
 .debug_macro   0x00000000000145fd      0x13a ./system/src/stm32f4-hal/stm32f4xx_hal.o
 .debug_macro   0x0000000000014737      0x41d ./system/src/stm32f4-hal/stm32f4xx_hal.o
 .debug_macro   0x0000000000014b54       0x2e ./system/src/stm32f4-hal/stm32f4xx_hal.o
 .debug_macro   0x0000000000014b82      0x582 ./system/src/stm32f4-hal/stm32f4xx_hal.o
 .debug_macro   0x0000000000015104       0x88 ./system/src/stm32f4-hal/stm32f4xx_hal.o
 .debug_macro   0x000000000001518c       0xd5 ./system/src/stm32f4-hal/stm32f4xx_hal.o
 .debug_macro   0x0000000000015261      0x183 ./system/src/stm32f4-hal/stm32f4xx_hal.o
 .debug_macro   0x00000000000153e4       0x10 ./system/src/stm32f4-hal/stm32f4xx_hal.o
 .debug_macro   0x00000000000153f4      0x1a7 ./system/src/stm32f4-hal/stm32f4xx_hal.o
 .debug_macro   0x000000000001559b       0x22 ./system/src/stm32f4-hal/stm32f4xx_hal.o
 .debug_macro   0x00000000000155bd       0xa5 ./system/src/stm32f4-hal/stm32f4xx_hal.o
 .debug_macro   0x0000000000015662      0x18b ./system/src/stm32f4-hal/stm32f4xx_hal.o
 .debug_macro   0x00000000000157ed       0x24 ./system/src/stm32f4-hal/stm32f4xx_hal.o
 .debug_macro   0x0000000000015811       0x35 ./system/src/stm32f4-hal/stm32f4xx_hal.o
 .debug_macro   0x0000000000015846       0x79 ./system/src/stm32f4-hal/stm32f4xx_hal.o
 .debug_macro   0x00000000000158bf      0x183 ./system/src/stm32f4-hal/stm32f4xx_hal.o
 .debug_macro   0x0000000000015a42       0xd6 ./system/src/stm32f4-hal/stm32f4xx_hal.o
 .debug_macro   0x0000000000015b18      0x11e ./system/src/stm32f4-hal/stm32f4xx_hal.o
 .debug_macro   0x0000000000015c36       0xe2 ./system/src/stm32f4-hal/stm32f4xx_hal.o
 .debug_macro   0x0000000000015d18       0x89 ./system/src/stm32f4-hal/stm32f4xx_hal.o
 .debug_macro   0x0000000000015da1       0x7e ./system/src/stm32f4-hal/stm32f4xx_hal.o
 .debug_macro   0x0000000000015e1f      0x31a ./system/src/stm32f4-hal/stm32f4xx_hal.o
 .debug_macro   0x0000000000016139      0x409 ./system/src/stm32f4-hal/stm32f4xx_hal.o
 .debug_macro   0x0000000000016542       0xe4 ./system/src/stm32f4-hal/stm32f4xx_hal.o
 .debug_macro   0x0000000000016626      0x39f ./system/src/stm32f4-hal/stm32f4xx_hal.o
 .debug_macro   0x00000000000169c5       0xcf ./system/src/stm32f4-hal/stm32f4xx_hal.o
 .debug_macro   0x0000000000016a94      0x48d ./system/src/stm32f4-hal/stm32f4xx_hal.o
 .debug_macro   0x0000000000016f21      0x22b ./system/src/stm32f4-hal/stm32f4xx_hal.o
 .debug_macro   0x000000000001714c      0x202 ./system/src/stm32f4-hal/stm32f4xx_hal.o
 .debug_macro   0x000000000001734e      0x6d9 ./system/src/stm32f4-hal/stm32f4xx_hal.o
 .debug_macro   0x0000000000017a27       0x5b ./system/src/stm32f4-hal/stm32f4xx_hal.o
 .debug_macro   0x0000000000017a82      0x14d ./system/src/stm32f4-hal/stm32f4xx_hal.o
 .debug_macro   0x0000000000017bcf      0x287 ./system/src/stm32f4-hal/stm32f4xx_hal.o
 .debug_macro   0x0000000000017e56      0x225 ./system/src/stm32f4-hal/stm32f4xx_hal.o
 .debug_macro   0x000000000001807b      0x1b5 ./system/src/stm32f4-hal/stm32f4xx_hal.o
 .debug_macro   0x0000000000018230      0x2db ./system/src/stm32f4-hal/stm32f4xx_hal.o
 .debug_macro   0x000000000001850b       0x89 ./system/src/stm32f4-hal/stm32f4xx_hal.o
 .debug_macro   0x0000000000018594      0x1df ./system/src/stm32f4-hal/stm32f4xx_hal.o
 .debug_macro   0x0000000000018773      0x115 ./system/src/stm32f4-hal/stm32f4xx_hal.o
 .debug_macro   0x0000000000018888       0x6e ./system/src/stm32f4-hal/stm32f4xx_hal.o
 .debug_macro   0x00000000000188f6      0x12c ./system/src/stm32f4-hal/stm32f4xx_hal.o
 .debug_macro   0x0000000000018a22      0x525 ./system/src/stm32f4-hal/stm32f4xx_hal_cortex.o
 .debug_macro   0x0000000000018f47      0x55d ./system/src/stm32f4-hal/stm32f4xx_hal_gpio.o
 .debug_macro   0x00000000000194a4      0x54f ./system/src/stm32f4-hal/stm32f4xx_hal_rcc.o
 .debug_macro   0x00000000000199f3      0x526 ./system/src/stm32f4-hal/stm32f4xx_hal_uart.o
 .debug_macro   0x0000000000019f19      0x1b4 ./system/src/newlib/_exit.o
 .debug_macro   0x000000000001a0cd      0x10e ./system/src/newlib/_exit.o
 .debug_macro   0x000000000001a1db       0x8d ./system/src/newlib/_exit.o
 .debug_macro   0x000000000001a268       0x35 ./system/src/newlib/_exit.o
 .debug_macro   0x000000000001a29d      0x169 ./system/src/newlib/_sbrk.o
 .debug_macro   0x000000000001a406      0x174 ./system/src/newlib/_sbrk.o
 .debug_macro   0x000000000001a57a       0x10 ./system/src/newlib/_sbrk.o
 .debug_macro   0x000000000001a58a      0x23b ./system/src/newlib/_sbrk.o
 .debug_macro   0x000000000001a7c5      0x173 ./system/src/newlib/_startup.o
 .debug_macro   0x000000000001a938      0xaa8 ./system/src/newlib/_startup.o
 .debug_macro   0x000000000001b3e0      0x226 ./system/src/newlib/_syscalls.o
 .debug_macro   0x000000000001b606       0x1c ./system/src/newlib/_syscalls.o
 .debug_macro   0x000000000001b622       0x10 ./system/src/newlib/_syscalls.o
 .debug_macro   0x000000000001b632       0x10 ./system/src/newlib/_syscalls.o
 .debug_macro   0x000000000001b642       0x10 ./system/src/newlib/_syscalls.o
 .debug_macro   0x000000000001b652       0x35 ./system/src/newlib/_syscalls.o
 .debug_macro   0x000000000001b687      0x122 ./system/src/newlib/_syscalls.o
 .debug_macro   0x000000000001b7a9       0x88 ./system/src/newlib/_syscalls.o
 .debug_macro   0x000000000001b831       0x7c ./system/src/newlib/_syscalls.o
 .debug_macro   0x000000000001b8ad       0x17 ./system/src/newlib/_syscalls.o
 .debug_macro   0x000000000001b8c4      0x118 ./system/src/newlib/_syscalls.o
 .debug_macro   0x000000000001b9dc      0x189 ./system/src/newlib/_syscalls.o
 .debug_macro   0x000000000001bb65       0x16 ./system/src/newlib/_syscalls.o
 .debug_macro   0x000000000001bb7b      0x1d0 ./system/src/newlib/assert.o
 .debug_macro   0x000000000001bd4b       0x1c ./system/src/newlib/assert.o
 .debug_macro   0x000000000001bd67      0x1fb ./system/src/diag/Trace.o
 .debug_macro   0x000000000001bf62       0x4c ./system/src/diag/Trace.o
 .debug_macro   0x000000000001bfae       0x16 ./system/src/diag/Trace.o
 .debug_macro   0x000000000001bfc4      0x56b ./system/src/diag/trace_impl.o
 .debug_macro   0x000000000001c52f       0x22 ./system/src/diag/trace_impl.o
 .debug_macro   0x000000000001c551      0x52f ./system/src/cortexm/_initialize_hardware.o
 .debug_macro   0x000000000001ca80      0x598 ./system/src/cortexm/exception_handlers.o
 .debug_macro   0x000000000001d018       0x3b ./system/src/cortexm/exception_handlers.o
 .debug_macro   0x000000000001d053      0x52b ./system/src/cmsis/system_stm32f4xx.o
 .debug_macro   0x000000000001d57e       0x34 ./system/src/cmsis/vectors_stm32f429xx.o
 .debug_macro   0x000000000001d5b2      0x534 ./src/BlinkLed.o
 .debug_macro   0x000000000001dae6       0x28 ./src/BlinkLed.o
 .debug_macro   0x000000000001db0e      0x529 ./src/Camera.o
 .debug_macro   0x000000000001e037      0x548 ./src/Timer.o
 .debug_macro   0x000000000001e57f       0x10 ./src/Timer.o
 .debug_macro   0x000000000001e58f      0x525 ./src/_initialize_hardware.o
 .debug_macro   0x000000000001eab4      0x5b7 ./src/main.o
 .debug_macro   0x000000000001f06b       0x2e ./src/main.o
 .debug_macro   0x000000000001f099      0x525 ./src/stm32f4xx_hal_msp.o
