Archive member included to satisfy reference by file (symbol)

c:/users/gaijinguarantee/appdata/roaming/xpacks/@gnu-mcu-eclipse/arm-none-eabi-gcc/8.2.1-1.4.1/bin/../lib/gcc/arm-none-eabi/7.3.1/../../../../arm-none-eabi/lib/thumb/v7e-m\libg_nano.a(lib_a-errno.o)
                              ./system/src/newlib/_sbrk.o (__errno)
c:/users/gaijinguarantee/appdata/roaming/xpacks/@gnu-mcu-eclipse/arm-none-eabi-gcc/8.2.1-1.4.1/bin/../lib/gcc/arm-none-eabi/7.3.1/../../../../arm-none-eabi/lib/thumb/v7e-m\libg_nano.a(lib_a-impure.o)
                              c:/users/gaijinguarantee/appdata/roaming/xpacks/@gnu-mcu-eclipse/arm-none-eabi-gcc/8.2.1-1.4.1/bin/../lib/gcc/arm-none-eabi/7.3.1/../../../../arm-none-eabi/lib/thumb/v7e-m\libg_nano.a(lib_a-errno.o) (_impure_ptr)
c:/users/gaijinguarantee/appdata/roaming/xpacks/@gnu-mcu-eclipse/arm-none-eabi-gcc/8.2.1-1.4.1/bin/../lib/gcc/arm-none-eabi/7.3.1/../../../../arm-none-eabi/lib/thumb/v7e-m\libg_nano.a(lib_a-strlen.o)
                              ./system/src/diag/Trace.o (strlen)
c:/users/gaijinguarantee/appdata/roaming/xpacks/@gnu-mcu-eclipse/arm-none-eabi-gcc/8.2.1-1.4.1/bin/../lib/gcc/arm-none-eabi/7.3.1/../../../../arm-none-eabi/lib/thumb/v7e-m\libg_nano.a(lib_a-vsnprintf.o)
                              ./system/src/diag/Trace.o (vsnprintf)
c:/users/gaijinguarantee/appdata/roaming/xpacks/@gnu-mcu-eclipse/arm-none-eabi-gcc/8.2.1-1.4.1/bin/../lib/gcc/arm-none-eabi/7.3.1/../../../../arm-none-eabi/lib/thumb/v7e-m\libg_nano.a(lib_a-nano-svfprintf.o)
                              c:/users/gaijinguarantee/appdata/roaming/xpacks/@gnu-mcu-eclipse/arm-none-eabi-gcc/8.2.1-1.4.1/bin/../lib/gcc/arm-none-eabi/7.3.1/../../../../arm-none-eabi/lib/thumb/v7e-m\libg_nano.a(lib_a-vsnprintf.o) (_svfprintf_r)
c:/users/gaijinguarantee/appdata/roaming/xpacks/@gnu-mcu-eclipse/arm-none-eabi-gcc/8.2.1-1.4.1/bin/../lib/gcc/arm-none-eabi/7.3.1/../../../../arm-none-eabi/lib/thumb/v7e-m\libg_nano.a(lib_a-nano-vfprintf_i.o)
                              c:/users/gaijinguarantee/appdata/roaming/xpacks/@gnu-mcu-eclipse/arm-none-eabi-gcc/8.2.1-1.4.1/bin/../lib/gcc/arm-none-eabi/7.3.1/../../../../arm-none-eabi/lib/thumb/v7e-m\libg_nano.a(lib_a-nano-svfprintf.o) (_printf_i)
c:/users/gaijinguarantee/appdata/roaming/xpacks/@gnu-mcu-eclipse/arm-none-eabi-gcc/8.2.1-1.4.1/bin/../lib/gcc/arm-none-eabi/7.3.1/../../../../arm-none-eabi/lib/thumb/v7e-m\libg_nano.a(lib_a-memchr.o)
                              c:/users/gaijinguarantee/appdata/roaming/xpacks/@gnu-mcu-eclipse/arm-none-eabi-gcc/8.2.1-1.4.1/bin/../lib/gcc/arm-none-eabi/7.3.1/../../../../arm-none-eabi/lib/thumb/v7e-m\libg_nano.a(lib_a-nano-svfprintf.o) (memchr)
c:/users/gaijinguarantee/appdata/roaming/xpacks/@gnu-mcu-eclipse/arm-none-eabi-gcc/8.2.1-1.4.1/bin/../lib/gcc/arm-none-eabi/7.3.1/../../../../arm-none-eabi/lib/thumb/v7e-m\libg_nano.a(lib_a-memcpy-stub.o)
                              c:/users/gaijinguarantee/appdata/roaming/xpacks/@gnu-mcu-eclipse/arm-none-eabi-gcc/8.2.1-1.4.1/bin/../lib/gcc/arm-none-eabi/7.3.1/../../../../arm-none-eabi/lib/thumb/v7e-m\libg_nano.a(lib_a-nano-svfprintf.o) (memcpy)
c:/users/gaijinguarantee/appdata/roaming/xpacks/@gnu-mcu-eclipse/arm-none-eabi-gcc/8.2.1-1.4.1/bin/../lib/gcc/arm-none-eabi/7.3.1/../../../../arm-none-eabi/lib/thumb/v7e-m\libg_nano.a(lib_a-memmove.o)
                              c:/users/gaijinguarantee/appdata/roaming/xpacks/@gnu-mcu-eclipse/arm-none-eabi-gcc/8.2.1-1.4.1/bin/../lib/gcc/arm-none-eabi/7.3.1/../../../../arm-none-eabi/lib/thumb/v7e-m\libg_nano.a(lib_a-nano-svfprintf.o) (memmove)
c:/users/gaijinguarantee/appdata/roaming/xpacks/@gnu-mcu-eclipse/arm-none-eabi-gcc/8.2.1-1.4.1/bin/../lib/gcc/arm-none-eabi/7.3.1/../../../../arm-none-eabi/lib/thumb/v7e-m\libg_nano.a(lib_a-nano-freer.o)
                              c:/users/gaijinguarantee/appdata/roaming/xpacks/@gnu-mcu-eclipse/arm-none-eabi-gcc/8.2.1-1.4.1/bin/../lib/gcc/arm-none-eabi/7.3.1/../../../../arm-none-eabi/lib/thumb/v7e-m\libg_nano.a(lib_a-nano-svfprintf.o) (_free_r)
c:/users/gaijinguarantee/appdata/roaming/xpacks/@gnu-mcu-eclipse/arm-none-eabi-gcc/8.2.1-1.4.1/bin/../lib/gcc/arm-none-eabi/7.3.1/../../../../arm-none-eabi/lib/thumb/v7e-m\libg_nano.a(lib_a-nano-mallocr.o)
                              c:/users/gaijinguarantee/appdata/roaming/xpacks/@gnu-mcu-eclipse/arm-none-eabi-gcc/8.2.1-1.4.1/bin/../lib/gcc/arm-none-eabi/7.3.1/../../../../arm-none-eabi/lib/thumb/v7e-m\libg_nano.a(lib_a-nano-svfprintf.o) (_malloc_r)
c:/users/gaijinguarantee/appdata/roaming/xpacks/@gnu-mcu-eclipse/arm-none-eabi-gcc/8.2.1-1.4.1/bin/../lib/gcc/arm-none-eabi/7.3.1/../../../../arm-none-eabi/lib/thumb/v7e-m\libg_nano.a(lib_a-nano-reallocr.o)
                              c:/users/gaijinguarantee/appdata/roaming/xpacks/@gnu-mcu-eclipse/arm-none-eabi-gcc/8.2.1-1.4.1/bin/../lib/gcc/arm-none-eabi/7.3.1/../../../../arm-none-eabi/lib/thumb/v7e-m\libg_nano.a(lib_a-nano-svfprintf.o) (_realloc_r)
[...]
Memory Configuration

Name             Origin             Length             Attributes
RAM              0x0000000020000000 0x0000000000030000 xrw
CCMRAM           0x0000000010000000 0x0000000000010000 xrw
FLASH            0x0000000008000000 0x0000000000200000 xr
FLASHB1          0x0000000000000000 0x0000000000000000 xr
EXTMEMB0         0x0000000000000000 0x0000000000000000 xr
EXTMEMB1         0x0000000000000000 0x0000000000000000 xr
EXTMEMB2         0x0000000000000000 0x0000000000000000 xr
EXTMEMB3         0x0000000000000000 0x0000000000000000 xr
MEMORY_ARRAY     0x0000000020002000 0x0000000000000020 xrw
*default*        0x0000000000000000 0xffffffffffffffff

Linker script and memory map

LOAD ./system/src/stm32f4-hal/stm32f4xx_hal.o
LOAD ./system/src/stm32f4-hal/stm32f4xx_hal_cortex.o
LOAD ./system/src/stm32f4-hal/stm32f4xx_hal_dfsdm.o
LOAD ./system/src/stm32f4-hal/stm32f4xx_hal_flash.o
LOAD ./system/src/stm32f4-hal/stm32f4xx_hal_gpio.o
LOAD ./system/src/stm32f4-hal/stm32f4xx_hal_iwdg.o
LOAD ./system/src/stm32f4-hal/stm32f4xx_hal_pwr.o
LOAD ./system/src/stm32f4-hal/stm32f4xx_hal_rcc.o
LOAD ./system/src/stm32f4-hal/stm32f4xx_hal_uart.o
LOAD ./system/src/newlib/_cxx.o
LOAD ./system/src/newlib/_exit.o
LOAD ./system/src/newlib/_sbrk.o
LOAD ./system/src/newlib/_startup.o
LOAD ./system/src/newlib/_syscalls.o
LOAD ./system/src/newlib/assert.o
LOAD ./system/src/diag/Trace.o
LOAD ./system/src/diag/trace_impl.o
LOAD ./system/src/cortexm/_initialize_hardware.o
LOAD ./system/src/cortexm/_reset_hardware.o
LOAD ./system/src/cortexm/exception_handlers.o
LOAD ./system/src/cmsis/system_stm32f4xx.o
LOAD ./system/src/cmsis/vectors_stm32f429xx.o
LOAD ./src/BlinkLed.o
LOAD ./src/Timer.o
LOAD ./src/_initialize_hardware.o
LOAD ./src/_write.o
LOAD ./src/main.o
LOAD ./src/stm32f4xx_hal_msp.o
LOAD c:/users/gaijinguarantee/appdata/roaming/xpacks/@gnu-mcu-eclipse/arm-none-eabi-gcc/8.2.1-1.4.1/bin/../lib/gcc/arm-none-eabi/7.3.1/../../../../arm-none-eabi/lib/thumb/v7e-m\libstdc++_nano.a
LOAD c:/users/gaijinguarantee/appdata/roaming/xpacks/@gnu-mcu-eclipse/arm-none-eabi-gcc/8.2.1-1.4.1/bin/../lib/gcc/arm-none-eabi/7.3.1/../../../../arm-none-eabi/lib/thumb/v7e-m\libm.a
START GROUP
LOAD c:/users/gaijinguarantee/appdata/roaming/xpacks/@gnu-mcu-eclipse/arm-none-eabi-gcc/8.2.1-1.4.1/bin/../lib/gcc/arm-none-eabi/7.3.1/thumb/v7e-m\libgcc.a
LOAD c:/users/gaijinguarantee/appdata/roaming/xpacks/@gnu-mcu-eclipse/arm-none-eabi-gcc/8.2.1-1.4.1/bin/../lib/gcc/arm-none-eabi/7.3.1/../../../../arm-none-eabi/lib/thumb/v7e-m\libg_nano.a
LOAD c:/users/gaijinguarantee/appdata/roaming/xpacks/@gnu-mcu-eclipse/arm-none-eabi-gcc/8.2.1-1.4.1/bin/../lib/gcc/arm-none-eabi/7.3.1/../../../../arm-none-eabi/lib/thumb/v7e-m\libc_nano.a
END GROUP
START GROUP
LOAD c:/users/gaijinguarantee/appdata/roaming/xpacks/@gnu-mcu-eclipse/arm-none-eabi-gcc/8.2.1-1.4.1/bin/../lib/gcc/arm-none-eabi/7.3.1/thumb/v7e-m\libgcc.a
LOAD c:/users/gaijinguarantee/appdata/roaming/xpacks/@gnu-mcu-eclipse/arm-none-eabi-gcc/8.2.1-1.4.1/bin/../lib/gcc/arm-none-eabi/7.3.1/../../../../arm-none-eabi/lib/thumb/v7e-m\libc_nano.a
END GROUP
                0x0000000020030000                __stack = (ORIGIN (RAM) + LENGTH (RAM))
                0x0000000020030000                _estack = __stack
                0x0000000000000400                __Main_Stack_Size = 0x400
                [!provide]                        PROVIDE (_Main_Stack_Size = __Main_Stack_Size)
                0x000000002002fc00                __Main_Stack_Limit = (__stack - __Main_Stack_Size)
                [!provide]                        PROVIDE (_Main_Stack_Limit = __Main_Stack_Limit)
                0x0000000000000100                _Minimum_Stack_Size = 0x100
                0x0000000020002870                PROVIDE (_Heap_Begin = _end_noinit)
                0x000000002002fc00                PROVIDE (_Heap_Limit = (__stack - __Main_Stack_Size))

.isr_vector     0x0000000008000000      0x40c
 FILL mask 0xff
                0x0000000008000000                __vectors_start = ABSOLUTE (.)
                0x0000000008000000                __vectors_start__ = ABSOLUTE (.)
 *(.isr_vector)
 .isr_vector    0x0000000008000000      0x1ac ./system/src/cmsis/vectors_stm32f429xx.o
                0x0000000008000000                __isr_vectors
 *(.cfmconfig)
 *(.after_vectors .after_vectors.*)
 .after_vectors
                0x00000000080001ac      0x130 ./system/src/newlib/_startup.o
                0x00000000080001ac                _start
 .after_vectors
                0x00000000080002dc      0x12c ./system/src/cortexm/exception_handlers.o
                0x00000000080002dc                Reset_Handler
                0x00000000080002e2                NMI_Handler
                0x00000000080002e6                HardFault_Handler
                0x00000000080002fa                HardFault_Handler_C
                0x0000000008000358                MemManage_Handler
                0x000000000800035c                BusFault_Handler
                0x0000000008000370                BusFault_Handler_C
                0x00000000080003a4                UsageFault_Handler
                0x00000000080003b8                UsageFault_Handler_C
                0x00000000080003ec                SVC_Handler
                0x00000000080003f0                DebugMon_Handler
                0x00000000080003f4                PendSV_Handler
 .after_vectors
                0x0000000008000408        0x4 ./system/src/cmsis/vectors_stm32f429xx.o
                0x0000000008000408                RTC_Alarm_IRQHandler
                0x0000000008000408                HASH_RNG_IRQHandler
                0x0000000008000408                EXTI2_IRQHandler
                0x0000000008000408                TIM8_CC_IRQHandler
                0x0000000008000408                UART8_IRQHandler
                0x0000000008000408                SPI4_IRQHandler
                0x0000000008000408                TIM1_CC_IRQHandler
                0x0000000008000408                DMA2_Stream5_IRQHandler
                0x0000000008000408                DMA1_Stream5_IRQHandler
                0x0000000008000408                PVD_IRQHandler
                0x0000000008000408                SDIO_IRQHandler
                0x0000000008000408                TAMP_STAMP_IRQHandler
                0x0000000008000408                CAN2_RX1_IRQHandler
                0x0000000008000408                EXTI3_IRQHandler
                0x0000000008000408                TIM8_TRG_COM_TIM14_IRQHandler
                0x0000000008000408                TIM1_UP_TIM10_IRQHandler
                0x0000000008000408                TIM8_UP_TIM13_IRQHandler
                0x0000000008000408                I2C3_ER_IRQHandler
                0x0000000008000408                EXTI0_IRQHandler
                0x0000000008000408                I2C2_EV_IRQHandler
                0x0000000008000408                DMA1_Stream2_IRQHandler
                0x0000000008000408                CAN1_RX0_IRQHandler
                0x0000000008000408                FPU_IRQHandler
                0x0000000008000408                OTG_HS_WKUP_IRQHandler
                0x0000000008000408                LTDC_ER_IRQHandler
                0x0000000008000408                CAN2_SCE_IRQHandler
                0x0000000008000408                DMA2_Stream2_IRQHandler
                0x0000000008000408                SPI1_IRQHandler
                0x0000000008000408                TIM6_DAC_IRQHandler
                0x0000000008000408                TIM1_BRK_TIM9_IRQHandler
                0x0000000008000408                DCMI_IRQHandler
                0x0000000008000408                CAN2_RX0_IRQHandler
                0x0000000008000408                DMA2_Stream3_IRQHandler
                0x0000000008000408                USART6_IRQHandler
                0x0000000008000408                USART3_IRQHandler
                0x0000000008000408                CAN1_RX1_IRQHandler
                0x0000000008000408                UART5_IRQHandler
                0x0000000008000408                DMA2_Stream0_IRQHandler
                0x0000000008000408                TIM4_IRQHandler
                0x0000000008000408                I2C1_EV_IRQHandler
                0x0000000008000408                DMA1_Stream6_IRQHandler
                0x0000000008000408                DMA1_Stream1_IRQHandler
                0x0000000008000408                UART4_IRQHandler
                0x0000000008000408                TIM3_IRQHandler
                0x0000000008000408                RCC_IRQHandler
                0x0000000008000408                TIM8_BRK_TIM12_IRQHandler
                0x0000000008000408                Default_Handler
                0x0000000008000408                EXTI15_10_IRQHandler
                0x0000000008000408                ADC_IRQHandler
                0x0000000008000408                DMA1_Stream7_IRQHandler
                0x0000000008000408                SPI5_IRQHandler
                0x0000000008000408                TIM7_IRQHandler
                0x0000000008000408                CAN2_TX_IRQHandler
                0x0000000008000408                TIM5_IRQHandler
                0x0000000008000408                DMA2_Stream7_IRQHandler
                0x0000000008000408                I2C3_EV_IRQHandler
                0x0000000008000408                EXTI9_5_IRQHandler
                0x0000000008000408                RTC_WKUP_IRQHandler
                0x0000000008000408                LTDC_IRQHandler
                0x0000000008000408                ETH_WKUP_IRQHandler
                0x0000000008000408                SPI2_IRQHandler
                0x0000000008000408                OTG_HS_EP1_IN_IRQHandler
                0x0000000008000408                DMA1_Stream0_IRQHandler
                0x0000000008000408                CAN1_TX_IRQHandler
                0x0000000008000408                EXTI4_IRQHandler
                0x0000000008000408                ETH_IRQHandler
                0x0000000008000408                OTG_HS_EP1_OUT_IRQHandler
                0x0000000008000408                WWDG_IRQHandler
                0x0000000008000408                SPI6_IRQHandler
                0x0000000008000408                TIM2_IRQHandler
                0x0000000008000408                OTG_FS_WKUP_IRQHandler
                0x0000000008000408                TIM1_TRG_COM_TIM11_IRQHandler
                0x0000000008000408                OTG_HS_IRQHandler
                0x0000000008000408                DMA2D_IRQHandler
                0x0000000008000408                EXTI1_IRQHandler
                0x0000000008000408                UART7_IRQHandler
                0x0000000008000408                USART2_IRQHandler
                0x0000000008000408                I2C2_ER_IRQHandler
                0x0000000008000408                DMA2_Stream1_IRQHandler
                0x0000000008000408                CAN1_SCE_IRQHandler
                0x0000000008000408                FLASH_IRQHandler
                0x0000000008000408                DMA2_Stream4_IRQHandler
                0x0000000008000408                USART1_IRQHandler
                0x0000000008000408                OTG_FS_IRQHandler
                0x0000000008000408                SPI3_IRQHandler
                0x0000000008000408                DMA1_Stream4_IRQHandler
                0x0000000008000408                I2C1_ER_IRQHandler
                0x0000000008000408                FMC_IRQHandler
                0x0000000008000408                DMA2_Stream6_IRQHandler
                0x0000000008000408                SAI1_IRQHandler
                0x0000000008000408                DMA1_Stream3_IRQHandler

.inits          0x000000000800040c       0x28
                0x000000000800040c                __data_regions_array_start = .
                0x000000000800040c        0x4 LONG 0x8002878 LOADADDR (.data)
                0x0000000008000410        0x4 LONG 0x20000000 ADDR (.data)
                0x0000000008000414        0x4 LONG 0x2000278c (ADDR (.data) + SIZEOF (.data))
                0x0000000008000418        0x4 LONG 0x8002878 LOADADDR (.data_CCMRAM)
                0x000000000800041c        0x4 LONG 0x10000000 ADDR (.data_CCMRAM)
                0x0000000008000420        0x4 LONG 0x10000000 (ADDR (.data_CCMRAM) + SIZEOF (.data_CCMRAM))
                0x0000000008000424                __data_regions_array_end = .
                0x0000000008000424                __bss_regions_array_start = .
                0x0000000008000424        0x4 LONG 0x2000278c ADDR (.bss)
                0x0000000008000428        0x4 LONG 0x20002870 (ADDR (.bss) + SIZEOF (.bss))
                0x000000000800042c        0x4 LONG 0x10000000 ADDR (.bss_CCMRAM)
                0x0000000008000430        0x4 LONG 0x10000000 (ADDR (.bss_CCMRAM) + SIZEOF (.bss_CCMRAM))
                0x0000000008000434                __bss_regions_array_end = .
 *(.init)
 *(.fini)
                0x0000000008000434                . = ALIGN (0x4)
                0x0000000008000434                PROVIDE (__preinit_array_start = .)
 *(.preinit_array_sysinit .preinit_array_sysinit.*)
 *(.preinit_array_platform .preinit_array_platform.*)
 *(.preinit_array .preinit_array.*)
                0x0000000008000434                PROVIDE (__preinit_array_end = .)
                0x0000000008000434                . = ALIGN (0x4)
                0x0000000008000434                PROVIDE (__init_array_start = .)
 *(SORT_BY_NAME(.init_array.*))
 *(.init_array)
                0x0000000008000434                PROVIDE (__init_array_end = .)
                0x0000000008000434                . = ALIGN (0x4)
                0x0000000008000434                PROVIDE (__fini_array_start = .)
 *(SORT_BY_NAME(.fini_array.*))
 *(.fini_array)
                0x0000000008000434                PROVIDE (__fini_array_end = .)

.flashtext
 *(.flashtext .flashtext.*)

.text           0x0000000008000440     0x2437
 *(.text .text.*)
 .text.HAL_InitTick
                0x0000000008000440       0x2c ./system/src/stm32f4-hal/stm32f4xx_hal.o
                0x0000000008000440                HAL_InitTick
 .text.HAL_Init
                0x000000000800046c       0x34 ./system/src/stm32f4-hal/stm32f4xx_hal.o
                0x000000000800046c                HAL_Init
 .text.HAL_IncTick
                0x00000000080004a0       0x10 ./system/src/stm32f4-hal/stm32f4xx_hal.o
                0x00000000080004a0                HAL_IncTick
 .text.HAL_GetTick
                0x00000000080004b0        0xc ./system/src/stm32f4-hal/stm32f4xx_hal.o
                0x00000000080004b0                HAL_GetTick
 .text.HAL_Delay
                0x00000000080004bc       0x1c ./system/src/stm32f4-hal/stm32f4xx_hal.o
                0x00000000080004bc                HAL_Delay
 .text.HAL_NVIC_SetPriorityGrouping
                0x00000000080004d8       0x3c ./system/src/stm32f4-hal/stm32f4xx_hal_cortex.o
                0x00000000080004d8                HAL_NVIC_SetPriorityGrouping
 .text.HAL_NVIC_SetPriority
                0x0000000008000514       0x8c ./system/src/stm32f4-hal/stm32f4xx_hal_cortex.o
                0x0000000008000514                HAL_NVIC_SetPriority
 .text.HAL_SYSTICK_Config
                0x00000000080005a0       0x2c ./system/src/stm32f4-hal/stm32f4xx_hal_cortex.o
                0x00000000080005a0                HAL_SYSTICK_Config
 .text.HAL_SYSTICK_CLKSourceConfig
                0x00000000080005cc       0x3c ./system/src/stm32f4-hal/stm32f4xx_hal_cortex.o
                0x00000000080005cc                HAL_SYSTICK_CLKSourceConfig
 .text.HAL_GPIO_Init
                0x0000000008000608      0x328 ./system/src/stm32f4-hal/stm32f4xx_hal_gpio.o
                0x0000000008000608                HAL_GPIO_Init
 .text.HAL_GPIO_WritePin
                0x0000000008000930       0x38 ./system/src/stm32f4-hal/stm32f4xx_hal_gpio.o
                0x0000000008000930                HAL_GPIO_WritePin
 .text.HAL_RCC_OscConfig
                0x0000000008000968      0x43c ./system/src/stm32f4-hal/stm32f4xx_hal_rcc.o
                0x0000000008000968                HAL_RCC_OscConfig
 .text.HAL_RCC_GetSysClockFreq
                0x0000000008000da4       0x80 ./system/src/stm32f4-hal/stm32f4xx_hal_rcc.o
                0x0000000008000da4                HAL_RCC_GetSysClockFreq
 .text.HAL_RCC_ClockConfig
                0x0000000008000e24      0x258 ./system/src/stm32f4-hal/stm32f4xx_hal_rcc.o
                0x0000000008000e24                HAL_RCC_ClockConfig
 .text.HAL_RCC_GetHCLKFreq
                0x000000000800107c        0xc ./system/src/stm32f4-hal/stm32f4xx_hal_rcc.o
                0x000000000800107c                HAL_RCC_GetHCLKFreq
 .text.HAL_RCC_GetPCLK1Freq
                0x0000000008001088       0x2c ./system/src/stm32f4-hal/stm32f4xx_hal_rcc.o
                0x0000000008001088                HAL_RCC_GetPCLK1Freq
 .text.HAL_RCC_GetPCLK2Freq
                0x00000000080010b4       0x2c ./system/src/stm32f4-hal/stm32f4xx_hal_rcc.o
                0x00000000080010b4                HAL_RCC_GetPCLK2Freq
 .text.UART_SetConfig
                0x00000000080010e0      0x3a0 ./system/src/stm32f4-hal/stm32f4xx_hal_uart.o
 .text.UART_WaitOnFlagUntilTimeout
                0x0000000008001480       0x62 ./system/src/stm32f4-hal/stm32f4xx_hal_uart.o
 *fill*         0x00000000080014e2        0x2 
 .text.HAL_UART_Init
                0x00000000080014e4      0x134 ./system/src/stm32f4-hal/stm32f4xx_hal_uart.o
                0x00000000080014e4                HAL_UART_Init
 .text.HAL_UART_Transmit
                0x0000000008001618       0xda ./system/src/stm32f4-hal/stm32f4xx_hal_uart.o
                0x0000000008001618                HAL_UART_Transmit
 .text._exit    0x00000000080016f2        0x2 ./system/src/newlib/_exit.o
                0x00000000080016f2                _exit
 .text.abort    0x00000000080016f4       0x14 ./system/src/newlib/_exit.o
                0x00000000080016f4                abort
 .text._sbrk    0x0000000008001708       0x44 ./system/src/newlib/_sbrk.o
                0x0000000008001708                _sbrk
 .text.__initialize_args
                0x000000000800174c       0x10 ./system/src/newlib/_syscalls.o
                0x000000000800174c                __initialize_args
 .text.assert_failed
                0x000000000800175c       0x14 ./system/src/newlib/assert.o
                0x000000000800175c                assert_failed
 .text.trace_printf
                0x0000000008001770       0x30 ./system/src/diag/Trace.o
                0x0000000008001770                trace_printf
 .text.trace_puts
                0x00000000080017a0       0x20 ./system/src/diag/Trace.o
                0x00000000080017a0                trace_puts
 .text._trace_write_semihosting_debug
                0x00000000080017c0       0x60 ./system/src/diag/trace_impl.o
 .text.trace_write
                0x0000000008001820        0x8 ./system/src/diag/trace_impl.o
                0x0000000008001820                trace_write
 .text.__initialize_hardware_early
                0x0000000008001828       0x18 ./system/src/cortexm/_initialize_hardware.o
                0x0000000008001828                __initialize_hardware_early
 .text.dumpExceptionStack
                0x0000000008001840       0xf4 ./system/src/cortexm/exception_handlers.o
                0x0000000008001840                dumpExceptionStack
 .text.isSemihosting
                0x0000000008001934       0x20 ./system/src/cortexm/exception_handlers.o
                0x0000000008001934                isSemihosting
 .text.SystemInit
                0x0000000008001954       0x40 ./system/src/cmsis/system_stm32f4xx.o
                0x0000000008001954                SystemInit
 .text.SystemCoreClockUpdate
                0x0000000008001994       0x90 ./system/src/cmsis/system_stm32f4xx.o
                0x0000000008001994                SystemCoreClockUpdate
 .text.blink_led_init
                0x0000000008001a24       0x40 ./src/BlinkLed.o
                0x0000000008001a24                blink_led_init
 .text.timer_start
                0x0000000008001a64       0x3c ./src/Timer.o
                0x0000000008001a64                timer_start
 .text.timer_tick
                0x0000000008001aa0       0x14 ./src/Timer.o
                0x0000000008001aa0                timer_tick
 .text.SysTick_Handler
                0x0000000008001ab4        0xc ./src/Timer.o
                0x0000000008001ab4                SysTick_Handler
 .text.SystemClock_Config
                0x0000000008001ac0       0x98 ./src/_initialize_hardware.o
                0x0000000008001ac0                SystemClock_Config
 .text.__initialize_hardware
                0x0000000008001b58       0x10 ./src/_initialize_hardware.o
                0x0000000008001b58                __initialize_hardware
 .text.HAL_UART_MspInit
                0x0000000008001b68       0xa0 ./src/_initialize_hardware.o
                0x0000000008001b68                HAL_UART_MspInit
 .text.GPIO_Init
                0x0000000008001c08       0x38 ./src/main.o
 .text.UART5_Init
                0x0000000008001c40       0x3c ./src/main.o
 .text.main     0x0000000008001c7c       0x48 ./src/main.o
                0x0000000008001c7c                main
 .text.HAL_MspInit
                0x0000000008001cc4        0x2 ./src/stm32f4xx_hal_msp.o
                0x0000000008001cc4                HAL_MspInit
 *fill*         0x0000000008001cc6        0x2 
 .text.__errno  0x0000000008001cc8        0xc c:/users/gaijinguarantee/appdata/roaming/xpacks/@gnu-mcu-eclipse/arm-none-eabi-gcc/8.2.1-1.4.1/bin/../lib/gcc/arm-none-eabi/7.3.1/../../../../arm-none-eabi/lib/thumb/v7e-m\libg_nano.a(lib_a-errno.o)
                0x0000000008001cc8                __errno
 .text          0x0000000008001cd4       0x10 c:/users/gaijinguarantee/appdata/roaming/xpacks/@gnu-mcu-eclipse/arm-none-eabi-gcc/8.2.1-1.4.1/bin/../lib/gcc/arm-none-eabi/7.3.1/../../../../arm-none-eabi/lib/thumb/v7e-m\libg_nano.a(lib_a-strlen.o)
                0x0000000008001cd4                strlen
 .text._vsnprintf_r
                0x0000000008001ce4       0x58 c:/users/gaijinguarantee/appdata/roaming/xpacks/@gnu-mcu-eclipse/arm-none-eabi-gcc/8.2.1-1.4.1/bin/../lib/gcc/arm-none-eabi/7.3.1/../../../../arm-none-eabi/lib/thumb/v7e-m\libg_nano.a(lib_a-vsnprintf.o)
                0x0000000008001ce4                _vsniprintf_r
                0x0000000008001ce4                _vsnprintf_r
 .text.vsnprintf
                0x0000000008001d3c       0x1c c:/users/gaijinguarantee/appdata/roaming/xpacks/@gnu-mcu-eclipse/arm-none-eabi-gcc/8.2.1-1.4.1/bin/../lib/gcc/arm-none-eabi/7.3.1/../../../../arm-none-eabi/lib/thumb/v7e-m\libg_nano.a(lib_a-vsnprintf.o)
                0x0000000008001d3c                vsniprintf
                0x0000000008001d3c                vsnprintf
 .text.__ssputs_r
                0x0000000008001d58       0xb4 c:/users/gaijinguarantee/appdata/roaming/xpacks/@gnu-mcu-eclipse/arm-none-eabi-gcc/8.2.1-1.4.1/bin/../lib/gcc/arm-none-eabi/7.3.1/../../../../arm-none-eabi/lib/thumb/v7e-m\libg_nano.a(lib_a-nano-svfprintf.o)
                0x0000000008001d58                __ssputs_r
 .text._svfprintf_r
                0x0000000008001e0c      0x1f0 c:/users/gaijinguarantee/appdata/roaming/xpacks/@gnu-mcu-eclipse/arm-none-eabi-gcc/8.2.1-1.4.1/bin/../lib/gcc/arm-none-eabi/7.3.1/../../../../arm-none-eabi/lib/thumb/v7e-m\libg_nano.a(lib_a-nano-svfprintf.o)
                0x0000000008001e0c                _svfiprintf_r
                0x0000000008001e0c                _svfprintf_r
 .text._printf_common
                0x0000000008001ffc       0xea c:/users/gaijinguarantee/appdata/roaming/xpacks/@gnu-mcu-eclipse/arm-none-eabi-gcc/8.2.1-1.4.1/bin/../lib/gcc/arm-none-eabi/7.3.1/../../../../arm-none-eabi/lib/thumb/v7e-m\libg_nano.a(lib_a-nano-vfprintf_i.o)
                0x0000000008001ffc                _printf_common
 *fill*         0x00000000080020e6        0x2 
 .text._printf_i
                0x00000000080020e8      0x224 c:/users/gaijinguarantee/appdata/roaming/xpacks/@gnu-mcu-eclipse/arm-none-eabi-gcc/8.2.1-1.4.1/bin/../lib/gcc/arm-none-eabi/7.3.1/../../../../arm-none-eabi/lib/thumb/v7e-m\libg_nano.a(lib_a-nano-vfprintf_i.o)
                0x00000000080020e8                _printf_i
 *fill*         0x000000000800230c        0x4 
 .text          0x0000000008002310       0xa0 c:/users/gaijinguarantee/appdata/roaming/xpacks/@gnu-mcu-eclipse/arm-none-eabi-gcc/8.2.1-1.4.1/bin/../lib/gcc/arm-none-eabi/7.3.1/../../../../arm-none-eabi/lib/thumb/v7e-m\libg_nano.a(lib_a-memchr.o)
                0x0000000008002310                memchr
 .text.memcpy   0x00000000080023b0       0x16 c:/users/gaijinguarantee/appdata/roaming/xpacks/@gnu-mcu-eclipse/arm-none-eabi-gcc/8.2.1-1.4.1/bin/../lib/gcc/arm-none-eabi/7.3.1/../../../../arm-none-eabi/lib/thumb/v7e-m\libg_nano.a(lib_a-memcpy-stub.o)
                0x00000000080023b0                memcpy
 .text.memmove  0x00000000080023c6       0x32 c:/users/gaijinguarantee/appdata/roaming/xpacks/@gnu-mcu-eclipse/arm-none-eabi-gcc/8.2.1-1.4.1/bin/../lib/gcc/arm-none-eabi/7.3.1/../../../../arm-none-eabi/lib/thumb/v7e-m\libg_nano.a(lib_a-memmove.o)
                0x00000000080023c6                memmove
 .text._free_r  0x00000000080023f8       0x9c c:/users/gaijinguarantee/appdata/roaming/xpacks/@gnu-mcu-eclipse/arm-none-eabi-gcc/8.2.1-1.4.1/bin/../lib/gcc/arm-none-eabi/7.3.1/../../../../arm-none-eabi/lib/thumb/v7e-m\libg_nano.a(lib_a-nano-freer.o)
                0x00000000080023f8                _free_r
 .text._malloc_r
                0x0000000008002494       0xb4 c:/users/gaijinguarantee/appdata/roaming/xpacks/@gnu-mcu-eclipse/arm-none-eabi-gcc/8.2.1-1.4.1/bin/../lib/gcc/arm-none-eabi/7.3.1/../../../../arm-none-eabi/lib/thumb/v7e-m\libg_nano.a(lib_a-nano-mallocr.o)
                0x0000000008002494                _malloc_r
 .text._realloc_r
                0x0000000008002548       0x4c c:/users/gaijinguarantee/appdata/roaming/xpacks/@gnu-mcu-eclipse/arm-none-eabi-gcc/8.2.1-1.4.1/bin/../lib/gcc/arm-none-eabi/7.3.1/../../../../arm-none-eabi/lib/thumb/v7e-m\libg_nano.a(lib_a-nano-reallocr.o)
                0x0000000008002548                _realloc_r
 .text._sbrk_r  0x0000000008002594       0x20 c:/users/gaijinguarantee/appdata/roaming/xpacks/@gnu-mcu-eclipse/arm-none-eabi-gcc/8.2.1-1.4.1/bin/../lib/gcc/arm-none-eabi/7.3.1/../../../../arm-none-eabi/lib/thumb/v7e-m\libg_nano.a(lib_a-sbrkr.o)
                0x0000000008002594                _sbrk_r
 .text.__malloc_lock
                0x00000000080025b4        0x2 c:/users/gaijinguarantee/appdata/roaming/xpacks/@gnu-mcu-eclipse/arm-none-eabi-gcc/8.2.1-1.4.1/bin/../lib/gcc/arm-none-eabi/7.3.1/../../../../arm-none-eabi/lib/thumb/v7e-m\libg_nano.a(lib_a-mlock.o)
                0x00000000080025b4                __malloc_lock
 .text.__malloc_unlock
                0x00000000080025b6        0x2 c:/users/gaijinguarantee/appdata/roaming/xpacks/@gnu-mcu-eclipse/arm-none-eabi-gcc/8.2.1-1.4.1/bin/../lib/gcc/arm-none-eabi/7.3.1/../../../../arm-none-eabi/lib/thumb/v7e-m\libg_nano.a(lib_a-mlock.o)
                0x00000000080025b6                __malloc_unlock
 .text._malloc_usable_size_r
                0x00000000080025b8       0x10 c:/users/gaijinguarantee/appdata/roaming/xpacks/@gnu-mcu-eclipse/arm-none-eabi-gcc/8.2.1-1.4.1/bin/../lib/gcc/arm-none-eabi/7.3.1/../../../../arm-none-eabi/lib/thumb/v7e-m\libg_nano.a(lib_a-nano-msizer.o)
                0x00000000080025b8                _malloc_usable_size_r
 *(.rodata .rodata.* .constdata .constdata.*)
 .rodata.HAL_NVIC_SetPriorityGrouping.str1.4
                0x00000000080025c8       0x31 ./system/src/stm32f4-hal/stm32f4xx_hal_cortex.o
 *fill*         0x00000000080025f9        0x3 
 .rodata.HAL_GPIO_Init.str1.4
                0x00000000080025fc       0x2f ./system/src/stm32f4-hal/stm32f4xx_hal_gpio.o
 *fill*         0x000000000800262b        0x1 
 .rodata.APBAHBPrescTable
                0x000000000800262c       0x10 ./system/src/stm32f4-hal/stm32f4xx_hal_rcc.o
                0x000000000800262c                APBAHBPrescTable
 .rodata.HAL_RCC_OscConfig.str1.4
                0x000000000800263c       0x2e ./system/src/stm32f4-hal/stm32f4xx_hal_rcc.o
 *fill*         0x000000000800266a        0x2 
 .rodata.UART_SetConfig.str1.4
                0x000000000800266c       0x2f ./system/src/stm32f4-hal/stm32f4xx_hal_uart.o
 *fill*         0x000000000800269b        0x1 
 .rodata.abort.str1.4
                0x000000000800269c       0x14 ./system/src/newlib/_exit.o
 .rodata.assert_failed.str1.4
                0x00000000080026b0       0x2b ./system/src/newlib/assert.o
 .rodata.trace_puts.str1.4
                0x00000000080026db       0x2b ./system/src/diag/Trace.o
                                          0x2 (size before relaxing)
 *fill*         0x00000000080026db        0x1 
 .rodata.dumpExceptionStack.str1.4
                0x00000000080026dc      0x11a ./system/src/cortexm/exception_handlers.o
 *fill*         0x00000000080027f6        0x2 
 .rodata.str1.4
                0x00000000080027f8       0x2a ./system/src/cortexm/exception_handlers.o
 *fill*         0x0000000008002822        0x2 
 .rodata.AHBPrescTable
                0x0000000008002824       0x10 ./system/src/cmsis/system_stm32f4xx.o
                0x0000000008002824                AHBPrescTable
 .rodata.UART5_Init.str1.4
                0x0000000008002834       0x10 ./src/main.o
                                          0xd (size before relaxing)
 .rodata._svfprintf_r.str1.1
                0x0000000008002844       0x11 c:/users/gaijinguarantee/appdata/roaming/xpacks/@gnu-mcu-eclipse/arm-none-eabi-gcc/8.2.1-1.4.1/bin/../lib/gcc/arm-none-eabi/7.3.1/../../../../arm-none-eabi/lib/thumb/v7e-m\libg_nano.a(lib_a-nano-svfprintf.o)
 .rodata._printf_i.str1.1
                0x0000000008002855       0x22 c:/users/gaijinguarantee/appdata/roaming/xpacks/@gnu-mcu-eclipse/arm-none-eabi-gcc/8.2.1-1.4.1/bin/../lib/gcc/arm-none-eabi/7.3.1/../../../../arm-none-eabi/lib/thumb/v7e-m\libg_nano.a(lib_a-nano-vfprintf_i.o)
 *(vtable)
 *(.eh_frame*)
 *(.glue_7)
 .glue_7        0x0000000008002877        0x0 linker stubs
 *(.glue_7t)
 .glue_7t       0x0000000008002877        0x0 linker stubs

.vfp11_veneer   0x0000000008002878        0x0
 .vfp11_veneer  0x0000000008002878        0x0 linker stubs

.v4_bx          0x0000000008002878        0x0
 .v4_bx         0x0000000008002878        0x0 linker stubs

.iplt           0x0000000008002878        0x0
 .iplt          0x0000000008002878        0x0 ./system/src/stm32f4-hal/stm32f4xx_hal.o

.rel.dyn        0x0000000008002878        0x0
 .rel.iplt      0x0000000008002878        0x0 ./system/src/stm32f4-hal/stm32f4xx_hal.o

.ARM.extab
 *(.ARM.extab* .gnu.linkonce.armextab.*)
                0x0000000008002878                . = ALIGN (0x4)
                0x0000000008002878                __exidx_start = .

.ARM.exidx
 *(.ARM.exidx* .gnu.linkonce.armexidx.*)
                0x0000000008002878                __exidx_end = .
                0x0000000008002878                . = ALIGN (0x4)
                0x0000000008002878                _etext = .
                0x0000000008002878                __etext = .

.data_CCMRAM    0x0000000010000000        0x0 load address 0x0000000008002878
 FILL mask 0xff
 *(.data.CCMRAM .data.CCMRAM.*)
                0x0000000010000000                . = ALIGN (0x4)
                0x0000000008002878                _sidata = LOADADDR (.data)

.data           0x0000000020000000     0x278c load address 0x0000000008002878
 FILL mask 0xff
                0x0000000020000000                _sdata = .
                0x0000000020000000                __data_start__ = .
 *(.data_begin .data_begin.*)
 .data_begin    0x0000000020000000        0x4 ./system/src/newlib/_startup.o
 *(.data .data.*)
 .data.argv.4310
                0x0000000020000004        0x8 ./system/src/newlib/_syscalls.o
 .data.SystemCoreClock
                0x000000002000000c        0x4 ./system/src/cmsis/system_stm32f4xx.o
                0x000000002000000c                SystemCoreClock
 .data.buffer   0x0000000020000010     0x2710 ./src/main.o
                0x0000000020000010                buffer
 .data.size     0x0000000020002720        0x2 ./src/main.o
                0x0000000020002720                size
 *fill*         0x0000000020002722        0x2 ff
 .data._impure_ptr
                0x0000000020002724        0x4 c:/users/gaijinguarantee/appdata/roaming/xpacks/@gnu-mcu-eclipse/arm-none-eabi-gcc/8.2.1-1.4.1/bin/../lib/gcc/arm-none-eabi/7.3.1/../../../../arm-none-eabi/lib/thumb/v7e-m\libg_nano.a(lib_a-impure.o)
                0x0000000020002724                _impure_ptr
 .data.impure_data
                0x0000000020002728       0x60 c:/users/gaijinguarantee/appdata/roaming/xpacks/@gnu-mcu-eclipse/arm-none-eabi-gcc/8.2.1-1.4.1/bin/../lib/gcc/arm-none-eabi/7.3.1/../../../../arm-none-eabi/lib/thumb/v7e-m\libg_nano.a(lib_a-impure.o)
 *(.data_end .data_end.*)
 .data_end      0x0000000020002788        0x4 ./system/src/newlib/_startup.o
                0x000000002000278c                . = ALIGN (0x4)
                0x000000002000278c                _edata = .
                0x000000002000278c                __data_end__ = .

.igot.plt       0x000000002000278c        0x0 load address 0x0000000008005004
 .igot.plt      0x000000002000278c        0x0 ./system/src/stm32f4-hal/stm32f4xx_hal.o

.bss_CCMRAM     0x0000000010000000        0x0
 *(.bss.CCMRAM .bss.CCMRAM.*)

.bss            0x000000002000278c       0xe4
                0x000000002000278c                __bss_start__ = .
                0x000000002000278c                _sbss = .
 *(.bss_begin .bss_begin.*)
 .bss_begin     0x000000002000278c        0x4 ./system/src/newlib/_startup.o
 *(.bss .bss.*)
 .bss.current_heap_end.3961
                0x0000000020002790        0x4 ./system/src/newlib/_sbrk.o
 .bss.name.4309
                0x0000000020002794        0x1 ./system/src/newlib/_syscalls.o
 *fill*         0x0000000020002795        0x3 
 .bss.buf.5205  0x0000000020002798       0x80 ./system/src/diag/Trace.o
 .bss.__malloc_free_list
                0x0000000020002818        0x4 c:/users/gaijinguarantee/appdata/roaming/xpacks/@gnu-mcu-eclipse/arm-none-eabi-gcc/8.2.1-1.4.1/bin/../lib/gcc/arm-none-eabi/7.3.1/../../../../arm-none-eabi/lib/thumb/v7e-m\libg_nano.a(lib_a-nano-mallocr.o)
                0x0000000020002818                __malloc_free_list
 .bss.__malloc_sbrk_start
                0x000000002000281c        0x4 c:/users/gaijinguarantee/appdata/roaming/xpacks/@gnu-mcu-eclipse/arm-none-eabi-gcc/8.2.1-1.4.1/bin/../lib/gcc/arm-none-eabi/7.3.1/../../../../arm-none-eabi/lib/thumb/v7e-m\libg_nano.a(lib_a-nano-mallocr.o)
                0x000000002000281c                __malloc_sbrk_start
 *(COMMON)
 COMMON         0x0000000020002820        0x4 ./system/src/stm32f4-hal/stm32f4xx_hal.o
                0x0000000020002820                uwTick
 COMMON         0x0000000020002824        0x4 ./system/src/newlib/_syscalls.o
                0x0000000020002824                errno
 COMMON         0x0000000020002828        0x4 ./src/Timer.o
                0x0000000020002828                timer_delayCount
 COMMON         0x000000002000282c       0x40 ./src/main.o
                0x000000002000282c                huart5
 *(.bss_end .bss_end.*)
 .bss_end       0x000000002000286c        0x4 ./system/src/newlib/_startup.o
                0x0000000020002870                . = ALIGN (0x4)
                0x0000000020002870                __bss_end__ = .
                0x0000000020002870                _ebss = .

.noinit_CCMRAM
 *(.noinit.CCMRAM .noinit.CCMRAM.*)

.noinit         0x0000000020002870        0x0
                0x0000000020002870                _noinit = .
 *(.noinit .noinit.*)
                0x0000000020002870                . = ALIGN (0x4)
                0x0000000020002870                _end_noinit = .
                [!provide]                        PROVIDE (end = _end_noinit)
                [!provide]                        PROVIDE (_end = _end_noinit)
                [!provide]                        PROVIDE (__end = _end_noinit)
                [!provide]                        PROVIDE (__end__ = _end_noinit)

._check_stack   0x0000000020002870      0x100
                0x0000000020002970                . = (. + _Minimum_Stack_Size)
 *fill*         0x0000000020002870      0x100 

.b1text
 *(.b1text)
 *(.b1rodata)
 *(.b1rodata.*)

.eb0text
 *(.eb0text)
 *(.eb0rodata)
 *(.eb0rodata.*)

.eb1text
 *(.eb1text)
 *(.eb1rodata)
 *(.eb1rodata.*)

.eb2text
 *(.eb2text)
 *(.eb2rodata)
 *(.eb2rodata.*)

.eb3text
 *(.eb3text)
 *(.eb3rodata)
 *(.eb3rodata.*)

.stab
 *(.stab)

.stabstr
 *(.stabstr)

.stab.excl
 *(.stab.excl)

.stab.exclstr
 *(.stab.exclstr)

.stab.index
 *(.stab.index)

.stab.indexstr
 *(.stab.indexstr)

.comment        0x0000000000000000       0x71
 *(.comment)
 .comment       0x0000000000000000       0x71 ./system/src/stm32f4-hal/stm32f4xx_hal.o
                                         0x72 (size before relaxing)
 .comment       0x0000000000000071       0x72 ./system/src/stm32f4-hal/stm32f4xx_hal_cortex.o
 .comment       0x0000000000000071       0x72 ./system/src/stm32f4-hal/stm32f4xx_hal_gpio.o
 .comment       0x0000000000000071       0x72 ./system/src/stm32f4-hal/stm32f4xx_hal_rcc.o
 .comment       0x0000000000000071       0x72 ./system/src/stm32f4-hal/stm32f4xx_hal_uart.o
 .comment       0x0000000000000071       0x72 ./system/src/newlib/_exit.o
 .comment       0x0000000000000071       0x72 ./system/src/newlib/_sbrk.o
 .comment       0x0000000000000071       0x72 ./system/src/newlib/_startup.o
 .comment       0x0000000000000071       0x72 ./system/src/newlib/_syscalls.o
 .comment       0x0000000000000071       0x72 ./system/src/newlib/assert.o
 .comment       0x0000000000000071       0x72 ./system/src/diag/Trace.o
 .comment       0x0000000000000071       0x72 ./system/src/diag/trace_impl.o
 .comment       0x0000000000000071       0x72 ./system/src/cortexm/_initialize_hardware.o
 .comment       0x0000000000000071       0x72 ./system/src/cortexm/exception_handlers.o
 .comment       0x0000000000000071       0x72 ./system/src/cmsis/system_stm32f4xx.o
 .comment       0x0000000000000071       0x72 ./system/src/cmsis/vectors_stm32f429xx.o
 .comment       0x0000000000000071       0x72 ./src/BlinkLed.o
 .comment       0x0000000000000071       0x72 ./src/Timer.o
 .comment       0x0000000000000071       0x72 ./src/_initialize_hardware.o
 .comment       0x0000000000000071       0x72 ./src/main.o
 .comment       0x0000000000000071       0x72 ./src/stm32f4xx_hal_msp.o

.ARM.attributes
                0x0000000000000000       0x31
 .ARM.attributes
                0x0000000000000000       0x33 ./system/src/stm32f4-hal/stm32f4xx_hal.o
 .ARM.attributes
                0x0000000000000033       0x33 ./system/src/stm32f4-hal/stm32f4xx_hal_cortex.o
 .ARM.attributes
                0x0000000000000066       0x33 ./system/src/stm32f4-hal/stm32f4xx_hal_gpio.o
 .ARM.attributes
                0x0000000000000099       0x33 ./system/src/stm32f4-hal/stm32f4xx_hal_rcc.o
 .ARM.attributes
                0x00000000000000cc       0x33 ./system/src/stm32f4-hal/stm32f4xx_hal_uart.o
 .ARM.attributes
                0x00000000000000ff       0x33 ./system/src/newlib/_exit.o
 .ARM.attributes
                0x0000000000000132       0x33 ./system/src/newlib/_sbrk.o
 .ARM.attributes
                0x0000000000000165       0x33 ./system/src/newlib/_startup.o
 .ARM.attributes
                0x0000000000000198       0x33 ./system/src/newlib/_syscalls.o
 .ARM.attributes
                0x00000000000001cb       0x33 ./system/src/newlib/assert.o
 .ARM.attributes
                0x00000000000001fe       0x33 ./system/src/diag/Trace.o
 .ARM.attributes
                0x0000000000000231       0x33 ./system/src/diag/trace_impl.o
 .ARM.attributes
                0x0000000000000264       0x33 ./system/src/cortexm/_initialize_hardware.o
 .ARM.attributes
                0x0000000000000297       0x33 ./system/src/cortexm/exception_handlers.o
 .ARM.attributes
                0x00000000000002ca       0x33 ./system/src/cmsis/system_stm32f4xx.o
 .ARM.attributes
                0x00000000000002fd       0x33 ./system/src/cmsis/vectors_stm32f429xx.o
 .ARM.attributes
                0x0000000000000330       0x33 ./src/BlinkLed.o
 .ARM.attributes
                0x0000000000000363       0x33 ./src/Timer.o
 .ARM.attributes
                0x0000000000000396       0x33 ./src/_initialize_hardware.o
 .ARM.attributes
                0x00000000000003c9       0x33 ./src/main.o
 .ARM.attributes
                0x00000000000003fc       0x33 ./src/stm32f4xx_hal_msp.o
 .ARM.attributes
                0x000000000000042f       0x2e c:/users/gaijinguarantee/appdata/roaming/xpacks/@gnu-mcu-eclipse/arm-none-eabi-gcc/8.2.1-1.4.1/bin/../lib/gcc/arm-none-eabi/7.3.1/../../../../arm-none-eabi/lib/thumb/v7e-m\libg_nano.a(lib_a-errno.o)
 .ARM.attributes
                0x000000000000045d       0x2e c:/users/gaijinguarantee/appdata/roaming/xpacks/@gnu-mcu-eclipse/arm-none-eabi-gcc/8.2.1-1.4.1/bin/../lib/gcc/arm-none-eabi/7.3.1/../../../../arm-none-eabi/lib/thumb/v7e-m\libg_nano.a(lib_a-impure.o)
 .ARM.attributes
                0x000000000000048b       0x17 c:/users/gaijinguarantee/appdata/roaming/xpacks/@gnu-mcu-eclipse/arm-none-eabi-gcc/8.2.1-1.4.1/bin/../lib/gcc/arm-none-eabi/7.3.1/../../../../arm-none-eabi/lib/thumb/v7e-m\libg_nano.a(lib_a-strlen.o)
 .ARM.attributes
                0x00000000000004a2       0x2e c:/users/gaijinguarantee/appdata/roaming/xpacks/@gnu-mcu-eclipse/arm-none-eabi-gcc/8.2.1-1.4.1/bin/../lib/gcc/arm-none-eabi/7.3.1/../../../../arm-none-eabi/lib/thumb/v7e-m\libg_nano.a(lib_a-vsnprintf.o)
 .ARM.attributes
                0x00000000000004d0       0x2e c:/users/gaijinguarantee/appdata/roaming/xpacks/@gnu-mcu-eclipse/arm-none-eabi-gcc/8.2.1-1.4.1/bin/../lib/gcc/arm-none-eabi/7.3.1/../../../../arm-none-eabi/lib/thumb/v7e-m\libg_nano.a(lib_a-nano-svfprintf.o)
 .ARM.attributes
                0x00000000000004fe       0x2e c:/users/gaijinguarantee/appdata/roaming/xpacks/@gnu-mcu-eclipse/arm-none-eabi-gcc/8.2.1-1.4.1/bin/../lib/gcc/arm-none-eabi/7.3.1/../../../../arm-none-eabi/lib/thumb/v7e-m\libg_nano.a(lib_a-nano-vfprintf_i.o)
 .ARM.attributes
                0x000000000000052c       0x1c c:/users/gaijinguarantee/appdata/roaming/xpacks/@gnu-mcu-eclipse/arm-none-eabi-gcc/8.2.1-1.4.1/bin/../lib/gcc/arm-none-eabi/7.3.1/../../../../arm-none-eabi/lib/thumb/v7e-m\libg_nano.a(lib_a-memchr.o)
 .ARM.attributes
                0x0000000000000548       0x2e c:/users/gaijinguarantee/appdata/roaming/xpacks/@gnu-mcu-eclipse/arm-none-eabi-gcc/8.2.1-1.4.1/bin/../lib/gcc/arm-none-eabi/7.3.1/../../../../arm-none-eabi/lib/thumb/v7e-m\libg_nano.a(lib_a-memcpy-stub.o)
 .ARM.attributes
                0x0000000000000576       0x2e c:/users/gaijinguarantee/appdata/roaming/xpacks/@gnu-mcu-eclipse/arm-none-eabi-gcc/8.2.1-1.4.1/bin/../lib/gcc/arm-none-eabi/7.3.1/../../../../arm-none-eabi/lib/thumb/v7e-m\libg_nano.a(lib_a-memmove.o)
 .ARM.attributes
                0x00000000000005a4       0x2e c:/users/gaijinguarantee/appdata/roaming/xpacks/@gnu-mcu-eclipse/arm-none-eabi-gcc/8.2.1-1.4.1/bin/../lib/gcc/arm-none-eabi/7.3.1/../../../../arm-none-eabi/lib/thumb/v7e-m\libg_nano.a(lib_a-nano-freer.o)
 .ARM.attributes
                0x00000000000005d2       0x2e c:/users/gaijinguarantee/appdata/roaming/xpacks/@gnu-mcu-eclipse/arm-none-eabi-gcc/8.2.1-1.4.1/bin/../lib/gcc/arm-none-eabi/7.3.1/../../../../arm-none-eabi/lib/thumb/v7e-m\libg_nano.a(lib_a-nano-mallocr.o)
 .ARM.attributes
                0x0000000000000600       0x2e c:/users/gaijinguarantee/appdata/roaming/xpacks/@gnu-mcu-eclipse/arm-none-eabi-gcc/8.2.1-1.4.1/bin/../lib/gcc/arm-none-eabi/7.3.1/../../../../arm-none-eabi/lib/thumb/v7e-m\libg_nano.a(lib_a-nano-reallocr.o)
 .ARM.attributes
                0x000000000000062e       0x2e c:/users/gaijinguarantee/appdata/roaming/xpacks/@gnu-mcu-eclipse/arm-none-eabi-gcc/8.2.1-1.4.1/bin/../lib/gcc/arm-none-eabi/7.3.1/../../../../arm-none-eabi/lib/thumb/v7e-m\libg_nano.a(lib_a-sbrkr.o)
 .ARM.attributes
                0x000000000000065c       0x2e c:/users/gaijinguarantee/appdata/roaming/xpacks/@gnu-mcu-eclipse/arm-none-eabi-gcc/8.2.1-1.4.1/bin/../lib/gcc/arm-none-eabi/7.3.1/../../../../arm-none-eabi/lib/thumb/v7e-m\libg_nano.a(lib_a-mlock.o)
 .ARM.attributes
                0x000000000000068a       0x2e c:/users/gaijinguarantee/appdata/roaming/xpacks/@gnu-mcu-eclipse/arm-none-eabi-gcc/8.2.1-1.4.1/bin/../lib/gcc/arm-none-eabi/7.3.1/../../../../arm-none-eabi/lib/thumb/v7e-m\libg_nano.a(lib_a-nano-msizer.o)

.debug
 *(.debug)

.line
 *(.line)

.debug_srcinfo
 *(.debug_srcinfo)

.debug_sfnames
 *(.debug_sfnames)

.debug_aranges
 *(.debug_aranges)

.debug_pubnames
 *(.debug_pubnames)

.debug_info
 *(.debug_info .gnu.linkonce.wi.*)

.debug_abbrev
 *(.debug_abbrev)

.debug_line
 *(.debug_line)

.debug_frame
 *(.debug_frame)

.debug_str
 *(.debug_str)

.debug_loc
 *(.debug_loc)

.debug_macinfo
 *(.debug_macinfo)

.debug_weaknames
 *(.debug_weaknames)

.debug_funcnames
 *(.debug_funcnames)

.debug_typenames
 *(.debug_typenames)

.debug_varnames
 *(.debug_varnames)
OUTPUT(cubesat_new_HAL.elf elf32-littlearm)
